#
# There is insufficient memory for the Java Runtime Environment to continue.
# Native memory allocation (malloc) failed to allocate 476256 bytes for Chunk::new
# Possible reasons:
#   The system is out of physical RAM or swap space
#   The process is running with CompressedOops enabled, and the Java Heap may be blocking the growth of the native heap
# Possible solutions:
#   Reduce memory load on the system
#   Increase physical memory or swap space
#   Check if swap backing store is full
#   Decrease Java heap size (-Xmx/-Xms)
#   Decrease number of Java threads
#   Decrease Java thread stack sizes (-Xss)
#   Set larger code cache with -XX:ReservedCodeCacheSize=
#   JVM is running with Unscaled Compressed Oops mode in which the Java heap is
#     placed in the first 4GB address space. The Java Heap base address is the
#     maximum limit for the native heap growth. Please use -XX:HeapBaseMinAddress
#     to set the Java Heap base and to place the Java Heap above 4GB virtual address.
# This output file may be truncated or incomplete.
#
#  Out of Memory Error (arena.cpp:191), pid=8784, tid=28604
#
# JRE version: OpenJDK Runtime Environment Temurin-17.0.10+7 (17.0.10+7) (build 17.0.10+7)
# Java VM: OpenJDK 64-Bit Server VM Temurin-17.0.10+7 (17.0.10+7, mixed mode, sharing, tiered, compressed oops, compressed class ptrs, g1 gc, windows-amd64)
# No core dump will be written. Minidumps are not enabled by default on client versions of Windows
#

---------------  S U M M A R Y ------------

Command Line: -ea -Dfile.encoding=UTF-8 -Dstdout.encoding=UTF-8 -Dstderr.encoding=UTF-8 -XX:+ShowCodeDetailsInExceptionMessages org.testng.remote.RemoteTestNG -serport 56659 -protocol json -d C:\Users\ASUS\eclipse-workspace\SelniumWebDriver-WebDriverCommands\test-output C:\Users\ASUS\AppData\Local\Temp\testng-eclipse--350767718\testng-customsuite.xml

Host: 12th Gen Intel(R) Core(TM) i3-1215U, 8 cores, 7G,  Windows 11 , 64 bit Build 26100 (10.0.26100.8737)
Time: Tue Jul 14 15:30:56 2026 India Standard Time elapsed time: 49.610055 seconds (0d 0h 0m 49s)

---------------  T H R E A D  ---------------

Current thread (0x0000021e7f2f4c80):  JavaThread "C2 CompilerThread0" daemon [_thread_in_native, id=28604, stack(0x000000e202200000,0x000000e202300000)]


Current CompileTask:
C2:  49610 2336       4       java.lang.invoke.MethodType::makeImpl (109 bytes)

Stack: [0x000000e202200000,0x000000e202300000]
Native frames: (J=compiled Java code, j=interpreted, Vv=VM code, C=native code)
V  [jvm.dll+0x67d2c9]
V  [jvm.dll+0x834afa]
V  [jvm.dll+0x8365be]
V  [jvm.dll+0x836c23]
V  [jvm.dll+0x2477ff]
V  [jvm.dll+0xac514]
V  [jvm.dll+0xacb5c]
V  [jvm.dll+0x2aed1f]
V  [jvm.dll+0x584b67]
V  [jvm.dll+0x2228a2]
V  [jvm.dll+0x21b5cd]
V  [jvm.dll+0x219201]
V  [jvm.dll+0x1a502d]
V  [jvm.dll+0x2290de]
V  [jvm.dll+0x2272ac]
V  [jvm.dll+0x7e9bb7]
V  [jvm.dll+0x7e3fba]
V  [jvm.dll+0x67c1b5]
C  [ucrtbase.dll+0x2cd30]
C  [KERNEL32.DLL+0x2e957]
C  [ntdll.dll+0xaad6c]


---------------  P R O C E S S  ---------------

Threads class SMR info:
_java_thread_list=0x0000021e62371120, length=48, elements={
0x0000021e7bbbe000, 0x0000021e7f2d9930, 0x0000021e7f2dc210, 0x0000021e7f2ee550,
0x0000021e7f2eee20, 0x0000021e7f2ef6f0, 0x0000021e7f2f3fd0, 0x0000021e7f2f4c80,
0x0000021e1c938140, 0x0000021e7f2fcab0, 0x0000021e1ca828e0, 0x0000021e1ca8f660,
0x0000021e62172840, 0x0000021e625e2680, 0x0000021e625ee530, 0x0000021e6311b040,
0x0000021e6311c530, 0x0000021e63117aa0, 0x0000021e631193f0, 0x0000021e63117590,
0x0000021e63118ee0, 0x0000021e63119900, 0x0000021e6311a830, 0x0000021e63119e10,
0x0000021e6311a320, 0x0000021e63117fb0, 0x0000021e631189d0, 0x0000021e631184c0,
0x0000021e623ffe20, 0x0000021e62400d50, 0x0000021e623fdab0, 0x0000021e623ff400,
0x0000021e62400330, 0x0000021e623fdfc0, 0x0000021e62400840, 0x0000021e623fd5a0,
0x0000021e62401770, 0x0000021e623fe4d0, 0x0000021e62401c80, 0x0000021e62401260,
0x0000021e623fe9e0, 0x0000021e624026a0, 0x0000021e62402bb0, 0x0000021e624030c0,
0x0000021e624035d0, 0x0000021e62403ae0, 0x0000021e62403ff0, 0x0000021e62404500
}

Java Threads: ( => current thread )
  0x0000021e7bbbe000 JavaThread "main" [_thread_in_vm, id=12696, stack(0x000000e201500000,0x000000e201600000)]
  0x0000021e7f2d9930 JavaThread "Reference Handler" daemon [_thread_blocked, id=24200, stack(0x000000e201c00000,0x000000e201d00000)]
  0x0000021e7f2dc210 JavaThread "Finalizer" daemon [_thread_blocked, id=21036, stack(0x000000e201d00000,0x000000e201e00000)]
  0x0000021e7f2ee550 JavaThread "Signal Dispatcher" daemon [_thread_blocked, id=27724, stack(0x000000e201e00000,0x000000e201f00000)]
  0x0000021e7f2eee20 JavaThread "Attach Listener" daemon [_thread_blocked, id=24984, stack(0x000000e201f00000,0x000000e202000000)]
  0x0000021e7f2ef6f0 JavaThread "Service Thread" daemon [_thread_blocked, id=21668, stack(0x000000e202000000,0x000000e202100000)]
  0x0000021e7f2f3fd0 JavaThread "Monitor Deflation Thread" daemon [_thread_blocked, id=21244, stack(0x000000e202100000,0x000000e202200000)]
=>0x0000021e7f2f4c80 JavaThread "C2 CompilerThread0" daemon [_thread_in_native, id=28604, stack(0x000000e202200000,0x000000e202300000)]
  0x0000021e1c938140 JavaThread "C1 CompilerThread0" daemon [_thread_in_native, id=30524, stack(0x000000e202300000,0x000000e202400000)]
  0x0000021e7f2fcab0 JavaThread "Sweeper thread" daemon [_thread_blocked, id=28856, stack(0x000000e202400000,0x000000e202500000)]
  0x0000021e1ca828e0 JavaThread "Notification Thread" daemon [_thread_blocked, id=21460, stack(0x000000e202500000,0x000000e202600000)]
  0x0000021e1ca8f660 JavaThread "Common-Cleaner" daemon [_thread_blocked, id=2628, stack(0x000000e202700000,0x000000e202800000)]
  0x0000021e62172840 JavaThread "ReaderThread" [_thread_in_native, id=18644, stack(0x000000e202a00000,0x000000e202b00000)]
  0x0000021e625e2680 JavaThread "ForkJoinPool.commonPool-worker-1" daemon [_thread_blocked, id=11172, stack(0x000000e202800000,0x000000e202900000)]
  0x0000021e625ee530 JavaThread "ForkJoinPool.commonPool-worker-2" daemon [_thread_blocked, id=4200, stack(0x000000e202b00000,0x000000e202c00000)]
  0x0000021e6311b040 JavaThread "External Process Output Forwarder - C:\Users\ASUS\.cache\selenium\msedgedriver\win64\150.0.4078.65\msedgedriver.exe" daemon [_thread_in_native, id=28728, stack(0x000000e203300000,0x000000e203400000)]
  0x0000021e6311c530 JavaThread "Driver Service Executor" daemon [_thread_blocked, id=8620, stack(0x000000e203400000,0x000000e203500000)]
  0x0000021e63117aa0 JavaThread "Driver Service Executor" daemon [_thread_blocked, id=23720, stack(0x000000e203500000,0x000000e203600000)]
  0x0000021e631193f0 JavaThread "UrlChecker-2" daemon [_thread_blocked, id=27280, stack(0x000000e203600000,0x000000e203700000)]
  0x0000021e63117590 JavaThread "JdkHttpClient-0-0" daemon [_thread_blocked, id=26520, stack(0x000000e203800000,0x000000e203900000)]
  0x0000021e63118ee0 JavaThread "CompletableFutureDelayScheduler" daemon [_thread_blocked, id=2228, stack(0x000000e203900000,0x000000e203a00000)]
  0x0000021e63119900 JavaThread "JdkHttpClient-0-1" daemon [_thread_blocked, id=13908, stack(0x000000e203a00000,0x000000e203b00000)]
  0x0000021e6311a830 JavaThread "JdkHttpClient-0-2" daemon [_thread_blocked, id=22000, stack(0x000000e203b00000,0x000000e203c00000)]
  0x0000021e63119e10 JavaThread "JdkHttpClient-0-3" daemon [_thread_blocked, id=16404, stack(0x000000e203c00000,0x000000e203d00000)]
  0x0000021e6311a320 JavaThread "HttpClient-2-SelectorManager" daemon [_thread_in_native, id=6808, stack(0x000000e203d00000,0x000000e203e00000)]
  0x0000021e63117fb0 JavaThread "JdkHttpClient-1-0" daemon [_thread_blocked, id=20604, stack(0x000000e203e00000,0x000000e203f00000)]
  0x0000021e631189d0 JavaThread "JdkHttpClient-1-1" daemon [_thread_blocked, id=5504, stack(0x000000e203f00000,0x000000e204000000)]
  0x0000021e631184c0 JavaThread "JdkHttpClient-1-2" daemon [_thread_blocked, id=27260, stack(0x000000e204000000,0x000000e204100000)]
  0x0000021e623ffe20 JavaThread "JdkHttpClient-1-3" daemon [_thread_blocked, id=9276, stack(0x000000e204100000,0x000000e204200000)]
  0x0000021e62400d50 JavaThread "External Process Output Forwarder - C:\Users\ASUS\.cache\selenium\geckodriver\win64\0.37.0\geckodriver.exe" daemon [_thread_in_native, id=29836, stack(0x000000e204200000,0x000000e204300000)]
  0x0000021e623fdab0 JavaThread "Driver Service Executor" daemon [_thread_blocked, id=11152, stack(0x000000e204300000,0x000000e204400000)]
  0x0000021e623ff400 JavaThread "Driver Service Executor" daemon [_thread_blocked, id=21132, stack(0x000000e204400000,0x000000e204500000)]
  0x0000021e62400330 JavaThread "JdkHttpClient-2-0" daemon [_thread_blocked, id=23436, stack(0x000000e204500000,0x000000e204600000)]
  0x0000021e623fdfc0 JavaThread "JdkHttpClient-2-1" daemon [_thread_blocked, id=4860, stack(0x000000e204600000,0x000000e204700000)]
  0x0000021e62400840 JavaThread "JdkHttpClient-2-2" daemon [_thread_blocked, id=28348, stack(0x000000e204700000,0x000000e204800000)]
  0x0000021e623fd5a0 JavaThread "JdkHttpClient-2-3" daemon [_thread_blocked, id=3816, stack(0x000000e204800000,0x000000e204900000)]
  0x0000021e62401770 JavaThread "HttpClient-4-SelectorManager" daemon [_thread_in_native, id=21624, stack(0x000000e204c00000,0x000000e204d00000)]
  0x0000021e623fe4d0 JavaThread "External Process Output Forwarder - C:\Users\ASUS\.cache\selenium\chromedriver\win64\150.0.7871.115\chromedriver.exe" daemon [_thread_in_native, id=27700, stack(0x000000e204d00000,0x000000e204e00000)]
  0x0000021e62401c80 JavaThread "Driver Service Executor" daemon [_thread_blocked, id=3248, stack(0x000000e204e00000,0x000000e204f00000)]
  0x0000021e62401260 JavaThread "Driver Service Executor" daemon [_thread_in_native, id=19600, stack(0x000000e204f00000,0x000000e205000000)]
  0x0000021e623fe9e0 JavaThread "JdkHttpClient-3-0" daemon [_thread_blocked, id=15736, stack(0x000000e205100000,0x000000e205200000)]
  0x0000021e624026a0 JavaThread "JdkHttpClient-3-1" daemon [_thread_blocked, id=11632, stack(0x000000e205200000,0x000000e205300000)]
  0x0000021e62402bb0 JavaThread "JdkHttpClient-3-2" daemon [_thread_blocked, id=16768, stack(0x000000e205300000,0x000000e205400000)]
  0x0000021e624030c0 JavaThread "HttpClient-5-SelectorManager" daemon [_thread_in_native, id=28132, stack(0x000000e205400000,0x000000e205500000)]
  0x0000021e624035d0 JavaThread "JdkHttpClient-4-0" daemon [_thread_blocked, id=13944, stack(0x000000e205500000,0x000000e205600000)]
  0x0000021e62403ae0 JavaThread "JdkHttpClient-4-1" daemon [_thread_blocked, id=21796, stack(0x000000e205600000,0x000000e205700000)]
  0x0000021e62403ff0 JavaThread "JdkHttpClient-4-2" daemon [_thread_blocked, id=14136, stack(0x000000e205700000,0x000000e205800000)]
  0x0000021e62404500 JavaThread "JdkHttpClient-4-3" daemon [_thread_blocked, id=6588, stack(0x000000e205800000,0x000000e205900000)]

Other Threads:
  0x0000021e7f2d5070 VMThread "VM Thread" [stack: 0x000000e201b00000,0x000000e201c00000] [id=8920]
  0x0000021e1ca84dd0 WatcherThread [stack: 0x000000e202600000,0x000000e202700000] [id=22056]
  0x0000021e7bdaf1c0 GCTaskThread "GC Thread#0" [stack: 0x000000e201600000,0x000000e201700000] [id=5184]
  0x0000021e627dddf0 GCTaskThread "GC Thread#1" [stack: 0x000000e202c00000,0x000000e202d00000] [id=29472]
  0x0000021e627de0b0 GCTaskThread "GC Thread#2" [stack: 0x000000e202d00000,0x000000e202e00000] [id=25200]
  0x0000021e62dc46d0 GCTaskThread "GC Thread#3" [stack: 0x000000e202e00000,0x000000e202f00000] [id=6492]
  0x0000021e62b9d9e0 GCTaskThread "GC Thread#4" [stack: 0x000000e202f00000,0x000000e203000000] [id=8792]
  0x0000021e62dc0370 GCTaskThread "GC Thread#5" [stack: 0x000000e203000000,0x000000e203100000] [id=7492]
  0x0000021e62dc7e70 GCTaskThread "GC Thread#6" [stack: 0x000000e203100000,0x000000e203200000] [id=29892]
  0x0000021e62ba5930 GCTaskThread "GC Thread#7" [stack: 0x000000e204b00000,0x000000e204c00000] [id=24348]
  0x0000021e7bdc0a10 ConcurrentGCThread "G1 Main Marker" [stack: 0x000000e201700000,0x000000e201800000] [id=27672]
  0x0000021e7bdc4410 ConcurrentGCThread "G1 Conc#0" [stack: 0x000000e201800000,0x000000e201900000] [id=25752]
  0x0000021e7f16ddf0 ConcurrentGCThread "G1 Refine#0" [stack: 0x000000e201900000,0x000000e201a00000] [id=29500]
  0x0000021e7f16e4d0 ConcurrentGCThread "G1 Service" [stack: 0x000000e201a00000,0x000000e201b00000] [id=10024]

Threads with active compile tasks:
C2 CompilerThread0    49665 2336       4       java.lang.invoke.MethodType::makeImpl (109 bytes)

VM state: not at safepoint (normal execution)

VM Mutex/Monitor currently owned by a thread: None

Heap address: 0x0000000084c00000, size: 1972 MB, Compressed Oops mode: 32-bit

CDS archive(s) mapped at: [0x0000021e1d000000-0x0000021e1dbb0000-0x0000021e1dbb0000), size 12255232, SharedBaseAddress: 0x0000021e1d000000, ArchiveRelocationMode: 1.
Compressed class space mapped at: 0x0000021e1e000000-0x0000021e5e000000, reserved size: 1073741824
Narrow klass base: 0x0000021e1d000000, Narrow klass shift: 0, Narrow klass range: 0x100000000

GC Precious Log:
 CPUs: 8 total, 8 available
 Memory: 7886M
 Large Page Support: Disabled
 NUMA Support: Disabled
 Compressed Oops: Enabled (32-bit)
 Heap Region Size: 1M
 Heap Min Capacity: 8M
 Heap Initial Capacity: 124M
 Heap Max Capacity: 1972M
 Pre-touch: Disabled
 Parallel Workers: 8
 Concurrent Workers: 2
 Concurrent Refinement Workers: 8
 Periodic GC: Disabled

Heap:
 garbage-first heap   total 126976K, used 13218K [0x0000000084c00000, 0x0000000100000000)
  region size 1024K, 10 young (10240K), 4 survivors (4096K)
 Metaspace       used 17966K, committed 18368K, reserved 1114112K
  class space    used 2222K, committed 2432K, reserved 1048576K

Heap Regions: E=young(eden), S=young(survivor), O=old, HS=humongous(starts), HC=humongous(continues), CS=collection set, F=free, OA=open archive, CA=closed archive, TAMS=top-at-mark-start (previous, next)
|   0|0x0000000084c00000, 0x0000000084d00000, 0x0000000084d00000|100%| O|  |TAMS 0x0000000084c00000, 0x0000000084c00000| Untracked 
|   1|0x0000000084d00000, 0x0000000084e00000, 0x0000000084e00000|100%| O|  |TAMS 0x0000000084d00000, 0x0000000084d00000| Untracked 
|   2|0x0000000084e00000, 0x0000000084f00000, 0x0000000084f00000|100%| O|  |TAMS 0x0000000084e00000, 0x0000000084e00000| Untracked 
|   3|0x0000000084f00000, 0x0000000084ff5a00, 0x0000000085000000| 95%| O|  |TAMS 0x0000000084f00000, 0x0000000084f00000| Untracked 
|   4|0x0000000085000000, 0x0000000085000000, 0x0000000085100000|  0%| F|  |TAMS 0x0000000085000000, 0x0000000085000000| Untracked 
|   5|0x0000000085100000, 0x0000000085100000, 0x0000000085200000|  0%| F|  |TAMS 0x0000000085100000, 0x0000000085100000| Untracked 
|   6|0x0000000085200000, 0x0000000085200000, 0x0000000085300000|  0%| F|  |TAMS 0x0000000085200000, 0x0000000085200000| Untracked 
|   7|0x0000000085300000, 0x0000000085300000, 0x0000000085400000|  0%| F|  |TAMS 0x0000000085300000, 0x0000000085300000| Untracked 
|   8|0x0000000085400000, 0x0000000085400000, 0x0000000085500000|  0%| F|  |TAMS 0x0000000085400000, 0x0000000085400000| Untracked 
|   9|0x0000000085500000, 0x0000000085500000, 0x0000000085600000|  0%| F|  |TAMS 0x0000000085500000, 0x0000000085500000| Untracked 
|  10|0x0000000085600000, 0x0000000085600000, 0x0000000085700000|  0%| F|  |TAMS 0x0000000085600000, 0x0000000085600000| Untracked 
|  11|0x0000000085700000, 0x0000000085700000, 0x0000000085800000|  0%| F|  |TAMS 0x0000000085700000, 0x0000000085700000| Untracked 
|  12|0x0000000085800000, 0x0000000085800000, 0x0000000085900000|  0%| F|  |TAMS 0x0000000085800000, 0x0000000085800000| Untracked 
|  13|0x0000000085900000, 0x0000000085900000, 0x0000000085a00000|  0%| F|  |TAMS 0x0000000085900000, 0x0000000085900000| Untracked 
|  14|0x0000000085a00000, 0x0000000085a00000, 0x0000000085b00000|  0%| F|  |TAMS 0x0000000085a00000, 0x0000000085a00000| Untracked 
|  15|0x0000000085b00000, 0x0000000085b00000, 0x0000000085c00000|  0%| F|  |TAMS 0x0000000085b00000, 0x0000000085b00000| Untracked 
|  16|0x0000000085c00000, 0x0000000085c00000, 0x0000000085d00000|  0%| F|  |TAMS 0x0000000085c00000, 0x0000000085c00000| Untracked 
|  17|0x0000000085d00000, 0x0000000085d00000, 0x0000000085e00000|  0%| F|  |TAMS 0x0000000085d00000, 0x0000000085d00000| Untracked 
|  18|0x0000000085e00000, 0x0000000085e00000, 0x0000000085f00000|  0%| F|  |TAMS 0x0000000085e00000, 0x0000000085e00000| Untracked 
|  19|0x0000000085f00000, 0x0000000085f00000, 0x0000000086000000|  0%| F|  |TAMS 0x0000000085f00000, 0x0000000085f00000| Untracked 
|  20|0x0000000086000000, 0x0000000086000000, 0x0000000086100000|  0%| F|  |TAMS 0x0000000086000000, 0x0000000086000000| Untracked 
|  21|0x0000000086100000, 0x0000000086100000, 0x0000000086200000|  0%| F|  |TAMS 0x0000000086100000, 0x0000000086100000| Untracked 
|  22|0x0000000086200000, 0x0000000086200000, 0x0000000086300000|  0%| F|  |TAMS 0x0000000086200000, 0x0000000086200000| Untracked 
|  23|0x0000000086300000, 0x0000000086300000, 0x0000000086400000|  0%| F|  |TAMS 0x0000000086300000, 0x0000000086300000| Untracked 
|  24|0x0000000086400000, 0x0000000086400000, 0x0000000086500000|  0%| F|  |TAMS 0x0000000086400000, 0x0000000086400000| Untracked 
|  25|0x0000000086500000, 0x0000000086500000, 0x0000000086600000|  0%| F|  |TAMS 0x0000000086500000, 0x0000000086500000| Untracked 
|  26|0x0000000086600000, 0x0000000086600000, 0x0000000086700000|  0%| F|  |TAMS 0x0000000086600000, 0x0000000086600000| Untracked 
|  27|0x0000000086700000, 0x0000000086700000, 0x0000000086800000|  0%| F|  |TAMS 0x0000000086700000, 0x0000000086700000| Untracked 
|  28|0x0000000086800000, 0x0000000086800000, 0x0000000086900000|  0%| F|  |TAMS 0x0000000086800000, 0x0000000086800000| Untracked 
|  29|0x0000000086900000, 0x0000000086900000, 0x0000000086a00000|  0%| F|  |TAMS 0x0000000086900000, 0x0000000086900000| Untracked 
|  30|0x0000000086a00000, 0x0000000086a00000, 0x0000000086b00000|  0%| F|  |TAMS 0x0000000086a00000, 0x0000000086a00000| Untracked 
|  31|0x0000000086b00000, 0x0000000086b00000, 0x0000000086c00000|  0%| F|  |TAMS 0x0000000086b00000, 0x0000000086b00000| Untracked 
|  32|0x0000000086c00000, 0x0000000086c00000, 0x0000000086d00000|  0%| F|  |TAMS 0x0000000086c00000, 0x0000000086c00000| Untracked 
|  33|0x0000000086d00000, 0x0000000086d00000, 0x0000000086e00000|  0%| F|  |TAMS 0x0000000086d00000, 0x0000000086d00000| Untracked 
|  34|0x0000000086e00000, 0x0000000086e00000, 0x0000000086f00000|  0%| F|  |TAMS 0x0000000086e00000, 0x0000000086e00000| Untracked 
|  35|0x0000000086f00000, 0x0000000086f00000, 0x0000000087000000|  0%| F|  |TAMS 0x0000000086f00000, 0x0000000086f00000| Untracked 
|  36|0x0000000087000000, 0x0000000087000000, 0x0000000087100000|  0%| F|  |TAMS 0x0000000087000000, 0x0000000087000000| Untracked 
|  37|0x0000000087100000, 0x0000000087100000, 0x0000000087200000|  0%| F|  |TAMS 0x0000000087100000, 0x0000000087100000| Untracked 
|  38|0x0000000087200000, 0x0000000087200000, 0x0000000087300000|  0%| F|  |TAMS 0x0000000087200000, 0x0000000087200000| Untracked 
|  39|0x0000000087300000, 0x0000000087300000, 0x0000000087400000|  0%| F|  |TAMS 0x0000000087300000, 0x0000000087300000| Untracked 
|  40|0x0000000087400000, 0x0000000087400000, 0x0000000087500000|  0%| F|  |TAMS 0x0000000087400000, 0x0000000087400000| Untracked 
|  41|0x0000000087500000, 0x0000000087500000, 0x0000000087600000|  0%| F|  |TAMS 0x0000000087500000, 0x0000000087500000| Untracked 
|  42|0x0000000087600000, 0x0000000087600000, 0x0000000087700000|  0%| F|  |TAMS 0x0000000087600000, 0x0000000087600000| Untracked 
|  43|0x0000000087700000, 0x0000000087700000, 0x0000000087800000|  0%| F|  |TAMS 0x0000000087700000, 0x0000000087700000| Untracked 
|  44|0x0000000087800000, 0x0000000087800000, 0x0000000087900000|  0%| F|  |TAMS 0x0000000087800000, 0x0000000087800000| Untracked 
|  45|0x0000000087900000, 0x0000000087900000, 0x0000000087a00000|  0%| F|  |TAMS 0x0000000087900000, 0x0000000087900000| Untracked 
|  46|0x0000000087a00000, 0x0000000087a00000, 0x0000000087b00000|  0%| F|  |TAMS 0x0000000087a00000, 0x0000000087a00000| Untracked 
|  47|0x0000000087b00000, 0x0000000087b00000, 0x0000000087c00000|  0%| F|  |TAMS 0x0000000087b00000, 0x0000000087b00000| Untracked 
|  48|0x0000000087c00000, 0x0000000087c00000, 0x0000000087d00000|  0%| F|  |TAMS 0x0000000087c00000, 0x0000000087c00000| Untracked 
|  49|0x0000000087d00000, 0x0000000087d00000, 0x0000000087e00000|  0%| F|  |TAMS 0x0000000087d00000, 0x0000000087d00000| Untracked 
|  50|0x0000000087e00000, 0x0000000087e00000, 0x0000000087f00000|  0%| F|  |TAMS 0x0000000087e00000, 0x0000000087e00000| Untracked 
|  51|0x0000000087f00000, 0x0000000087f00000, 0x0000000088000000|  0%| F|  |TAMS 0x0000000087f00000, 0x0000000087f00000| Untracked 
|  52|0x0000000088000000, 0x0000000088000000, 0x0000000088100000|  0%| F|  |TAMS 0x0000000088000000, 0x0000000088000000| Untracked 
|  53|0x0000000088100000, 0x0000000088100000, 0x0000000088200000|  0%| F|  |TAMS 0x0000000088100000, 0x0000000088100000| Untracked 
|  54|0x0000000088200000, 0x0000000088200000, 0x0000000088300000|  0%| F|  |TAMS 0x0000000088200000, 0x0000000088200000| Untracked 
|  55|0x0000000088300000, 0x0000000088300000, 0x0000000088400000|  0%| F|  |TAMS 0x0000000088300000, 0x0000000088300000| Untracked 
|  56|0x0000000088400000, 0x0000000088400000, 0x0000000088500000|  0%| F|  |TAMS 0x0000000088400000, 0x0000000088400000| Untracked 
|  57|0x0000000088500000, 0x0000000088500000, 0x0000000088600000|  0%| F|  |TAMS 0x0000000088500000, 0x0000000088500000| Untracked 
|  58|0x0000000088600000, 0x0000000088600000, 0x0000000088700000|  0%| F|  |TAMS 0x0000000088600000, 0x0000000088600000| Untracked 
|  59|0x0000000088700000, 0x0000000088700000, 0x0000000088800000|  0%| F|  |TAMS 0x0000000088700000, 0x0000000088700000| Untracked 
|  60|0x0000000088800000, 0x0000000088800000, 0x0000000088900000|  0%| F|  |TAMS 0x0000000088800000, 0x0000000088800000| Untracked 
|  61|0x0000000088900000, 0x0000000088900000, 0x0000000088a00000|  0%| F|  |TAMS 0x0000000088900000, 0x0000000088900000| Untracked 
|  62|0x0000000088a00000, 0x0000000088a00000, 0x0000000088b00000|  0%| F|  |TAMS 0x0000000088a00000, 0x0000000088a00000| Untracked 
|  63|0x0000000088b00000, 0x0000000088b00000, 0x0000000088c00000|  0%| F|  |TAMS 0x0000000088b00000, 0x0000000088b00000| Untracked 
|  64|0x0000000088c00000, 0x0000000088c00000, 0x0000000088d00000|  0%| F|  |TAMS 0x0000000088c00000, 0x0000000088c00000| Untracked 
|  65|0x0000000088d00000, 0x0000000088d00000, 0x0000000088e00000|  0%| F|  |TAMS 0x0000000088d00000, 0x0000000088d00000| Untracked 
|  66|0x0000000088e00000, 0x0000000088e00000, 0x0000000088f00000|  0%| F|  |TAMS 0x0000000088e00000, 0x0000000088e00000| Untracked 
|  67|0x0000000088f00000, 0x0000000088f00000, 0x0000000089000000|  0%| F|  |TAMS 0x0000000088f00000, 0x0000000088f00000| Untracked 
|  68|0x0000000089000000, 0x0000000089000000, 0x0000000089100000|  0%| F|  |TAMS 0x0000000089000000, 0x0000000089000000| Untracked 
|  69|0x0000000089100000, 0x0000000089100000, 0x0000000089200000|  0%| F|  |TAMS 0x0000000089100000, 0x0000000089100000| Untracked 
|  70|0x0000000089200000, 0x0000000089200000, 0x0000000089300000|  0%| F|  |TAMS 0x0000000089200000, 0x0000000089200000| Untracked 
|  71|0x0000000089300000, 0x0000000089300000, 0x0000000089400000|  0%| F|  |TAMS 0x0000000089300000, 0x0000000089300000| Untracked 
|  72|0x0000000089400000, 0x0000000089400000, 0x0000000089500000|  0%| F|  |TAMS 0x0000000089400000, 0x0000000089400000| Untracked 
|  73|0x0000000089500000, 0x0000000089500000, 0x0000000089600000|  0%| F|  |TAMS 0x0000000089500000, 0x0000000089500000| Untracked 
|  74|0x0000000089600000, 0x0000000089600000, 0x0000000089700000|  0%| F|  |TAMS 0x0000000089600000, 0x0000000089600000| Untracked 
|  75|0x0000000089700000, 0x0000000089700000, 0x0000000089800000|  0%| F|  |TAMS 0x0000000089700000, 0x0000000089700000| Untracked 
|  76|0x0000000089800000, 0x0000000089800000, 0x0000000089900000|  0%| F|  |TAMS 0x0000000089800000, 0x0000000089800000| Untracked 
|  77|0x0000000089900000, 0x0000000089900000, 0x0000000089a00000|  0%| F|  |TAMS 0x0000000089900000, 0x0000000089900000| Untracked 
|  78|0x0000000089a00000, 0x0000000089a00000, 0x0000000089b00000|  0%| F|  |TAMS 0x0000000089a00000, 0x0000000089a00000| Untracked 
|  79|0x0000000089b00000, 0x0000000089b00000, 0x0000000089c00000|  0%| F|  |TAMS 0x0000000089b00000, 0x0000000089b00000| Untracked 
|  80|0x0000000089c00000, 0x0000000089c00000, 0x0000000089d00000|  0%| F|  |TAMS 0x0000000089c00000, 0x0000000089c00000| Untracked 
|  81|0x0000000089d00000, 0x0000000089d00000, 0x0000000089e00000|  0%| F|  |TAMS 0x0000000089d00000, 0x0000000089d00000| Untracked 
|  82|0x0000000089e00000, 0x0000000089e00000, 0x0000000089f00000|  0%| F|  |TAMS 0x0000000089e00000, 0x0000000089e00000| Untracked 
|  83|0x0000000089f00000, 0x0000000089f00000, 0x000000008a000000|  0%| F|  |TAMS 0x0000000089f00000, 0x0000000089f00000| Untracked 
|  84|0x000000008a000000, 0x000000008a000000, 0x000000008a100000|  0%| F|  |TAMS 0x000000008a000000, 0x000000008a000000| Untracked 
|  85|0x000000008a100000, 0x000000008a100000, 0x000000008a200000|  0%| F|  |TAMS 0x000000008a100000, 0x000000008a100000| Untracked 
|  86|0x000000008a200000, 0x000000008a200000, 0x000000008a300000|  0%| F|  |TAMS 0x000000008a200000, 0x000000008a200000| Untracked 
|  87|0x000000008a300000, 0x000000008a300000, 0x000000008a400000|  0%| F|  |TAMS 0x000000008a300000, 0x000000008a300000| Untracked 
|  88|0x000000008a400000, 0x000000008a4f3020, 0x000000008a500000| 94%| S|CS|TAMS 0x000000008a400000, 0x000000008a400000| Complete 
|  89|0x000000008a500000, 0x000000008a600000, 0x000000008a600000|100%| S|CS|TAMS 0x000000008a500000, 0x000000008a500000| Complete 
|  90|0x000000008a600000, 0x000000008a700000, 0x000000008a700000|100%| S|CS|TAMS 0x000000008a600000, 0x000000008a600000| Complete 
|  91|0x000000008a700000, 0x000000008a800000, 0x000000008a800000|100%| S|CS|TAMS 0x000000008a700000, 0x000000008a700000| Complete 
|  92|0x000000008a800000, 0x000000008a800000, 0x000000008a900000|  0%| F|  |TAMS 0x000000008a800000, 0x000000008a800000| Untracked 
|  93|0x000000008a900000, 0x000000008a900000, 0x000000008aa00000|  0%| F|  |TAMS 0x000000008a900000, 0x000000008a900000| Untracked 
|  94|0x000000008aa00000, 0x000000008aa00000, 0x000000008ab00000|  0%| F|  |TAMS 0x000000008aa00000, 0x000000008aa00000| Untracked 
|  95|0x000000008ab00000, 0x000000008ab00000, 0x000000008ac00000|  0%| F|  |TAMS 0x000000008ab00000, 0x000000008ab00000| Untracked 
|  96|0x000000008ac00000, 0x000000008ac00000, 0x000000008ad00000|  0%| F|  |TAMS 0x000000008ac00000, 0x000000008ac00000| Untracked 
|  97|0x000000008ad00000, 0x000000008ad00000, 0x000000008ae00000|  0%| F|  |TAMS 0x000000008ad00000, 0x000000008ad00000| Untracked 
|  98|0x000000008ae00000, 0x000000008ae00000, 0x000000008af00000|  0%| F|  |TAMS 0x000000008ae00000, 0x000000008ae00000| Untracked 
|  99|0x000000008af00000, 0x000000008af00000, 0x000000008b000000|  0%| F|  |TAMS 0x000000008af00000, 0x000000008af00000| Untracked 
| 100|0x000000008b000000, 0x000000008b000000, 0x000000008b100000|  0%| F|  |TAMS 0x000000008b000000, 0x000000008b000000| Untracked 
| 101|0x000000008b100000, 0x000000008b100000, 0x000000008b200000|  0%| F|  |TAMS 0x000000008b100000, 0x000000008b100000| Untracked 
| 102|0x000000008b200000, 0x000000008b200000, 0x000000008b300000|  0%| F|  |TAMS 0x000000008b200000, 0x000000008b200000| Untracked 
| 103|0x000000008b300000, 0x000000008b300000, 0x000000008b400000|  0%| F|  |TAMS 0x000000008b300000, 0x000000008b300000| Untracked 
| 104|0x000000008b400000, 0x000000008b400000, 0x000000008b500000|  0%| F|  |TAMS 0x000000008b400000, 0x000000008b400000| Untracked 
| 105|0x000000008b500000, 0x000000008b500000, 0x000000008b600000|  0%| F|  |TAMS 0x000000008b500000, 0x000000008b500000| Untracked 
| 106|0x000000008b600000, 0x000000008b600000, 0x000000008b700000|  0%| F|  |TAMS 0x000000008b600000, 0x000000008b600000| Untracked 
| 107|0x000000008b700000, 0x000000008b700000, 0x000000008b800000|  0%| F|  |TAMS 0x000000008b700000, 0x000000008b700000| Untracked 
| 108|0x000000008b800000, 0x000000008b800000, 0x000000008b900000|  0%| F|  |TAMS 0x000000008b800000, 0x000000008b800000| Untracked 
| 109|0x000000008b900000, 0x000000008b900000, 0x000000008ba00000|  0%| F|  |TAMS 0x000000008b900000, 0x000000008b900000| Untracked 
| 110|0x000000008ba00000, 0x000000008ba00000, 0x000000008bb00000|  0%| F|  |TAMS 0x000000008ba00000, 0x000000008ba00000| Untracked 
| 111|0x000000008bb00000, 0x000000008bb00000, 0x000000008bc00000|  0%| F|  |TAMS 0x000000008bb00000, 0x000000008bb00000| Untracked 
| 112|0x000000008bc00000, 0x000000008bc00000, 0x000000008bd00000|  0%| F|  |TAMS 0x000000008bc00000, 0x000000008bc00000| Untracked 
| 113|0x000000008bd00000, 0x000000008bd00000, 0x000000008be00000|  0%| F|  |TAMS 0x000000008bd00000, 0x000000008bd00000| Untracked 
| 114|0x000000008be00000, 0x000000008be00000, 0x000000008bf00000|  0%| F|  |TAMS 0x000000008be00000, 0x000000008be00000| Untracked 
| 115|0x000000008bf00000, 0x000000008bf00000, 0x000000008c000000|  0%| F|  |TAMS 0x000000008bf00000, 0x000000008bf00000| Untracked 
| 116|0x000000008c000000, 0x000000008c000000, 0x000000008c100000|  0%| F|  |TAMS 0x000000008c000000, 0x000000008c000000| Untracked 
| 117|0x000000008c100000, 0x000000008c100000, 0x000000008c200000|  0%| F|  |TAMS 0x000000008c100000, 0x000000008c100000| Untracked 
| 118|0x000000008c200000, 0x000000008c300000, 0x000000008c300000|100%| E|  |TAMS 0x000000008c200000, 0x000000008c200000| Complete 
| 119|0x000000008c300000, 0x000000008c400000, 0x000000008c400000|100%| E|CS|TAMS 0x000000008c300000, 0x000000008c300000| Complete 
| 120|0x000000008c400000, 0x000000008c500000, 0x000000008c500000|100%| E|CS|TAMS 0x000000008c400000, 0x000000008c400000| Complete 
| 121|0x000000008c500000, 0x000000008c600000, 0x000000008c600000|100%| E|CS|TAMS 0x000000008c500000, 0x000000008c500000| Complete 
| 122|0x000000008c600000, 0x000000008c700000, 0x000000008c700000|100%| E|CS|TAMS 0x000000008c600000, 0x000000008c600000| Complete 
| 123|0x000000008c700000, 0x000000008c800000, 0x000000008c800000|100%| E|CS|TAMS 0x000000008c700000, 0x000000008c700000| Complete 

Card table byte_map: [0x0000021e7e480000,0x0000021e7e860000] _byte_map_base: 0x0000021e7e05a000

Marking Bits (Prev, Next): (CMBitMap*) 0x0000021e7bdaf5f0, (CMBitMap*) 0x0000021e7bdaf630
 Prev Bits: [0x0000021e16a70000, 0x0000021e18940000)
 Next Bits: [0x0000021e18940000, 0x0000021e1a810000)

Polling page: 0x0000021e7be00000

Metaspace:

Usage:
  Non-class:     15.38 MB used.
      Class:      2.17 MB used.
       Both:     17.55 MB used.

Virtual space:
  Non-class space:       64.00 MB reserved,      15.56 MB ( 24%) committed,  1 nodes.
      Class space:        1.00 GB reserved,       2.38 MB ( <1%) committed,  1 nodes.
             Both:        1.06 GB reserved,      17.94 MB (  2%) committed. 

Chunk freelists:
   Non-Class:  416.00 KB
       Class:  13.69 MB
        Both:  14.09 MB

MaxMetaspaceSize: unlimited
CompressedClassSpaceSize: 1.00 GB
Initial GC threshold: 21.00 MB
Current GC threshold: 21.00 MB
CDS: on
MetaspaceReclaimPolicy: balanced
 - commit_granule_bytes: 65536.
 - commit_granule_words: 8192.
 - virtual_space_node_default_size: 8388608.
 - enlarge_chunks_in_place: 1.
 - new_chunks_are_fully_committed: 0.
 - uncommit_free_chunks: 1.
 - use_allocation_guard: 0.
 - handle_deallocations: 1.


Internal statistics:

num_allocs_failed_limit: 0.
num_arena_births: 364.
num_arena_deaths: 0.
num_vsnodes_births: 2.
num_vsnodes_deaths: 0.
num_space_committed: 287.
num_space_uncommitted: 0.
num_chunks_returned_to_freelist: 0.
num_chunks_taken_from_freelist: 853.
num_chunk_merges: 0.
num_chunk_splits: 516.
num_chunks_enlarged: 334.
num_inconsistent_stats: 0.

CodeHeap 'non-profiled nmethods': size=120000Kb used=894Kb max_used=894Kb free=119105Kb
 bounds [0x0000021e0f540000, 0x0000021e0f7b0000, 0x0000021e16a70000]
CodeHeap 'profiled nmethods': size=120000Kb used=4690Kb max_used=4690Kb free=115309Kb
 bounds [0x0000021e07a70000, 0x0000021e07f10000, 0x0000021e0efa0000]
CodeHeap 'non-nmethods': size=5760Kb used=1240Kb max_used=1265Kb free=4519Kb
 bounds [0x0000021e0efa0000, 0x0000021e0f210000, 0x0000021e0f540000]
 total_blobs=2948 nmethods=2404 adapters=456
 compilation: enabled
              stopped_count=0, restarted_count=0
 full_count=0

Compilation events (20 events):
Event: 47.347 Thread 0x0000021e1c938140 nmethod 2326 0x0000021e0f61c710 code [0x0000021e0f61c8a0, 0x0000021e0f61c978]
Event: 47.347 Thread 0x0000021e1c938140 2327       3       org.testng.shaded.com.google.gson.internal.Excluder::excludeClassChecks (61 bytes)
Event: 47.348 Thread 0x0000021e1c938140 nmethod 2327 0x0000021e07ed1090 code [0x0000021e07ed13e0, 0x0000021e07ed2858]
Event: 47.348 Thread 0x0000021e1c938140 2328       3       org.testng.shaded.com.google.gson.TypeAdapter::<init> (5 bytes)
Event: 47.348 Thread 0x0000021e1c938140 nmethod 2328 0x0000021e07ed2e10 code [0x0000021e07ed2fa0, 0x0000021e07ed30f8]
Event: 47.348 Thread 0x0000021e1c938140 2329       3       java.lang.ThreadLocal$ThreadLocalMap::nextIndex (15 bytes)
Event: 47.348 Thread 0x0000021e1c938140 nmethod 2329 0x0000021e07ed3190 code [0x0000021e07ed3320, 0x0000021e07ed3458]
Event: 47.350 Thread 0x0000021e7f2f4c80 2330       4       java.lang.invoke.MethodType::equals (56 bytes)
Event: 47.351 Thread 0x0000021e1c938140 2331       3       java.util.LinkedList$ListItr::hasNext (20 bytes)
Event: 47.351 Thread 0x0000021e1c938140 nmethod 2331 0x0000021e07ed3510 code [0x0000021e07ed36a0, 0x0000021e07ed3818]
Event: 47.363 Thread 0x0000021e7f2f4c80 nmethod 2330 0x0000021e0f61ca10 code [0x0000021e0f61cbc0, 0x0000021e0f61cff8]
Event: 47.364 Thread 0x0000021e1c938140 2332       1       org.testng.internal.IObject$IdentifiableObject::getInstance (5 bytes)
Event: 47.364 Thread 0x0000021e1c938140 nmethod 2332 0x0000021e0f61d390 code [0x0000021e0f61d520, 0x0000021e0f61d5f8]
Event: 47.440 Thread 0x0000021e1c938140 2333       3       jdk.internal.reflect.ReflectionFactory::copyField (11 bytes)
Event: 47.441 Thread 0x0000021e1c938140 nmethod 2333 0x0000021e07ed3910 code [0x0000021e07ed3ac0, 0x0000021e07ed3ca8]
Event: 47.441 Thread 0x0000021e1c938140 2334       3       java.lang.reflect.ReflectAccess::copyField (5 bytes)
Event: 47.441 Thread 0x0000021e1c938140 nmethod 2334 0x0000021e07ed3e10 code [0x0000021e07ed3fc0, 0x0000021e07ed4108]
Event: 47.441 Thread 0x0000021e1c938140 2335       3       java.lang.reflect.Modifier::isSynthetic (14 bytes)
Event: 47.442 Thread 0x0000021e1c938140 nmethod 2335 0x0000021e07ed4210 code [0x0000021e07ed43a0, 0x0000021e07ed44f8]
Event: 47.546 Thread 0x0000021e7f2f4c80 2336       4       java.lang.invoke.MethodType::makeImpl (109 bytes)

GC Heap History (4 events):
Event: 1.797 GC heap before
{Heap before GC invocations=0 (full 0):
 garbage-first heap   total 126976K, used 23552K [0x0000000084c00000, 0x0000000100000000)
  region size 1024K, 23 young (23552K), 0 survivors (0K)
 Metaspace       used 7953K, committed 8256K, reserved 1114112K
  class space    used 945K, committed 1088K, reserved 1048576K
}
Event: 1.808 GC heap after
{Heap after GC invocations=1 (full 0):
 garbage-first heap   total 126976K, used 4160K [0x0000000084c00000, 0x0000000100000000)
  region size 1024K, 3 young (3072K), 3 survivors (3072K)
 Metaspace       used 7953K, committed 8256K, reserved 1114112K
  class space    used 945K, committed 1088K, reserved 1048576K
}
Event: 40.102 GC heap before
{Heap before GC invocations=1 (full 0):
 garbage-first heap   total 126976K, used 33856K [0x0000000084c00000, 0x0000000100000000)
  region size 1024K, 32 young (32768K), 3 survivors (3072K)
 Metaspace       used 17685K, committed 18048K, reserved 1114112K
  class space    used 2197K, committed 2368K, reserved 1048576K
}
Event: 40.133 GC heap after
{Heap after GC invocations=2 (full 0):
 garbage-first heap   total 126976K, used 8098K [0x0000000084c00000, 0x0000000100000000)
  region size 1024K, 4 young (4096K), 4 survivors (4096K)
 Metaspace       used 17685K, committed 18048K, reserved 1114112K
  class space    used 2197K, committed 2368K, reserved 1048576K
}

Dll operation events (8 events):
Event: 0.010 Loaded shared library C:\Users\ASUS\AppData\Local\Programs\Eclipse Adoptium\jdk-17.0.10.7-hotspot\bin\java.dll
Event: 0.053 Loaded shared library C:\Users\ASUS\AppData\Local\Programs\Eclipse Adoptium\jdk-17.0.10.7-hotspot\bin\jsvml.dll
Event: 0.098 Loaded shared library C:\Users\ASUS\AppData\Local\Programs\Eclipse Adoptium\jdk-17.0.10.7-hotspot\bin\net.dll
Event: 0.100 Loaded shared library C:\Users\ASUS\AppData\Local\Programs\Eclipse Adoptium\jdk-17.0.10.7-hotspot\bin\nio.dll
Event: 0.103 Loaded shared library C:\Users\ASUS\AppData\Local\Programs\Eclipse Adoptium\jdk-17.0.10.7-hotspot\bin\zip.dll
Event: 0.296 Loaded shared library C:\Users\ASUS\AppData\Local\Programs\Eclipse Adoptium\jdk-17.0.10.7-hotspot\bin\jimage.dll
Event: 0.565 Loaded shared library C:\Users\ASUS\AppData\Local\Programs\Eclipse Adoptium\jdk-17.0.10.7-hotspot\bin\extnet.dll
Event: 4.419 Loaded shared library C:\Users\ASUS\AppData\Local\Programs\Eclipse Adoptium\jdk-17.0.10.7-hotspot\bin\sunmscapi.dll

Deoptimization events (20 events):
Event: 2.389 Thread 0x0000021e7bbbe000 Uncommon trap: trap_request=0xffffff45 fr.pc=0x0000021e0f5b5134 relative=0x0000000000002ab4
Event: 2.389 Thread 0x0000021e7bbbe000 Uncommon trap: reason=unstable_if action=reinterpret pc=0x0000021e0f5b5134 method=jdk.internal.org.objectweb.asm.Frame.push(Ljdk/internal/org/objectweb/asm/SymbolTable;Ljava/lang/String;)V @ 49 c2
Event: 2.389 Thread 0x0000021e7bbbe000 DEOPT PACKING pc=0x0000021e0f5b5134 sp=0x000000e2015fbf70
Event: 2.389 Thread 0x0000021e7bbbe000 DEOPT UNPACKING pc=0x0000021e0eff69a3 sp=0x000000e2015fbe80 mode 2
Event: 2.935 Thread 0x0000021e7bbbe000 Uncommon trap: trap_request=0xffffff45 fr.pc=0x0000021e0f5cd340 relative=0x00000000000001c0
Event: 2.936 Thread 0x0000021e7bbbe000 Uncommon trap: reason=unstable_if action=reinterpret pc=0x0000021e0f5cd340 method=java.util.HashMap.putVal(ILjava/lang/Object;Ljava/lang/Object;ZZ)Ljava/lang/Object; @ 162 c2
Event: 2.936 Thread 0x0000021e7bbbe000 DEOPT PACKING pc=0x0000021e0f5cd340 sp=0x000000e2015fc440
Event: 2.936 Thread 0x0000021e7bbbe000 DEOPT UNPACKING pc=0x0000021e0eff69a3 sp=0x000000e2015fc3d0 mode 2
Event: 3.854 Thread 0x0000021e7bbbe000 DEOPT PACKING pc=0x0000021e07d6ee3e sp=0x000000e2015fb5a0
Event: 3.854 Thread 0x0000021e7bbbe000 DEOPT UNPACKING pc=0x0000021e0eff7143 sp=0x000000e2015faa20 mode 0
Event: 3.856 Thread 0x0000021e7bbbe000 DEOPT PACKING pc=0x0000021e07d6ee3e sp=0x000000e2015fb5a0
Event: 3.856 Thread 0x0000021e7bbbe000 DEOPT UNPACKING pc=0x0000021e0eff7143 sp=0x000000e2015faa20 mode 0
Event: 8.877 Thread 0x0000021e7bbbe000 Uncommon trap: trap_request=0xffffff45 fr.pc=0x0000021e0f5c5c14 relative=0x0000000000000f74
Event: 8.877 Thread 0x0000021e7bbbe000 Uncommon trap: reason=unstable_if action=reinterpret pc=0x0000021e0f5c5c14 method=java.util.concurrent.ConcurrentHashMap.putVal(Ljava/lang/Object;Ljava/lang/Object;Z)Ljava/lang/Object; @ 231 c2
Event: 8.877 Thread 0x0000021e7bbbe000 DEOPT PACKING pc=0x0000021e0f5c5c14 sp=0x000000e2015fd640
Event: 8.878 Thread 0x0000021e7bbbe000 DEOPT UNPACKING pc=0x0000021e0eff69a3 sp=0x000000e2015fd5b0 mode 2
Event: 43.127 Thread 0x0000021e623feef0 Uncommon trap: trap_request=0xffffff54 fr.pc=0x0000021e0f5ee5ac relative=0x0000000000004a2c
Event: 43.128 Thread 0x0000021e623feef0 Uncommon trap: reason=speculate_null_assert action=make_not_entrant pc=0x0000021e0f5ee5ac method=java.lang.invoke.MethodType$ConcurrentWeakInternSet.add(Ljava/lang/Object;)Ljava/lang/Object; @ 47 c2
Event: 43.129 Thread 0x0000021e623feef0 DEOPT PACKING pc=0x0000021e0f5ee5ac sp=0x000000e2037fe1d0
Event: 43.129 Thread 0x0000021e623feef0 DEOPT UNPACKING pc=0x0000021e0eff69a3 sp=0x000000e2037fe178 mode 2

Classes unloaded (0 events):
No events

Classes redefined (0 events):
No events

Internal exceptions (20 events):
Event: 23.510 Thread 0x0000021e623fdab0 Exception <a 'java/net/ConnectException'{0x000000008a9c1858}: Connection refused: no further information> (0x000000008a9c1858) 
thrown [s\src\hotspot\share\prims\jni.cpp, line 535]
Event: 23.510 Thread 0x0000021e623fdab0 Exception <a 'java/net/SocketException'{0x000000008a9c1b90}: Socket is not connected: shutdown> (0x000000008a9c1b90) 
thrown [s\src\hotspot\share\prims\jni.cpp, line 535]
Event: 23.513 Thread 0x0000021e623fdab0 Exception <a 'java/net/ConnectException'{0x000000008a9c23f0}: Connection refused: no further information> (0x000000008a9c23f0) 
thrown [s\src\hotspot\share\prims\jni.cpp, line 535]
Event: 23.513 Thread 0x0000021e623fdab0 Exception <a 'java/net/SocketException'{0x000000008a9c2728}: Socket is not connected: shutdown> (0x000000008a9c2728) 
thrown [s\src\hotspot\share\prims\jni.cpp, line 535]
Event: 23.540 Thread 0x0000021e623fdab0 Exception <a 'java/net/ConnectException'{0x000000008a9c2f88}: Connection refused: no further information> (0x000000008a9c2f88) 
thrown [s\src\hotspot\share\prims\jni.cpp, line 535]
Event: 23.541 Thread 0x0000021e623fdab0 Exception <a 'java/net/SocketException'{0x000000008a9c32c0}: Socket is not connected: shutdown> (0x000000008a9c32c0) 
thrown [s\src\hotspot\share\prims\jni.cpp, line 535]
Event: 23.552 Thread 0x0000021e623fdab0 Exception <a 'java/net/ConnectException'{0x000000008a9c3b20}: Connection refused: no further information> (0x000000008a9c3b20) 
thrown [s\src\hotspot\share\prims\jni.cpp, line 535]
Event: 23.553 Thread 0x0000021e623fdab0 Exception <a 'java/net/SocketException'{0x000000008a9c3e58}: Socket is not connected: shutdown> (0x000000008a9c3e58) 
thrown [s\src\hotspot\share\prims\jni.cpp, line 535]
Event: 23.600 Thread 0x0000021e623fdab0 Exception <a 'java/net/ConnectException'{0x000000008a9c46b8}: Connection refused: no further information> (0x000000008a9c46b8) 
thrown [s\src\hotspot\share\prims\jni.cpp, line 535]
Event: 23.600 Thread 0x0000021e623fdab0 Exception <a 'java/net/SocketException'{0x000000008a9c49f0}: Socket is not connected: shutdown> (0x000000008a9c49f0) 
thrown [s\src\hotspot\share\prims\jni.cpp, line 535]
Event: 40.135 Thread 0x0000021e7bbbe000 Exception <a 'java/net/SocketException'{0x000000008c702590}: Socket is not connected: shutdown> (0x000000008c702590) 
thrown [s\src\hotspot\share\prims\jni.cpp, line 535]
Event: 40.135 Thread 0x0000021e7bbbe000 Exception <a 'java/net/SocketException'{0x000000008c702df8}: Socket is not connected: shutdown> (0x000000008c702df8) 
thrown [s\src\hotspot\share\prims\jni.cpp, line 535]
Event: 40.345 Thread 0x0000021e631193f0 Exception <a 'java/net/ConnectException'{0x000000008c63c370}: Connection refused: no further information> (0x000000008c63c370) 
thrown [s\src\hotspot\share\prims\jni.cpp, line 535]
Event: 40.345 Thread 0x0000021e631193f0 Exception <a 'java/net/SocketException'{0x000000008c63c6a8}: Socket is not connected: shutdown> (0x000000008c63c6a8) 
thrown [s\src\hotspot\share\prims\jni.cpp, line 535]
Event: 40.362 Thread 0x0000021e631193f0 Exception <a 'java/net/ConnectException'{0x000000008c63d680}: Connection refused: no further information> (0x000000008c63d680) 
thrown [s\src\hotspot\share\prims\jni.cpp, line 535]
Event: 40.362 Thread 0x0000021e631193f0 Exception <a 'java/net/SocketException'{0x000000008c63d9b8}: Socket is not connected: shutdown> (0x000000008c63d9b8) 
thrown [s\src\hotspot\share\prims\jni.cpp, line 535]
Event: 40.392 Thread 0x0000021e631193f0 Exception <a 'java/net/ConnectException'{0x000000008c63e990}: Connection refused: no further information> (0x000000008c63e990) 
thrown [s\src\hotspot\share\prims\jni.cpp, line 535]
Event: 40.393 Thread 0x0000021e631193f0 Exception <a 'java/net/SocketException'{0x000000008c63ecc8}: Socket is not connected: shutdown> (0x000000008c63ecc8) 
thrown [s\src\hotspot\share\prims\jni.cpp, line 535]
Event: 40.440 Thread 0x0000021e631193f0 Exception <a 'java/net/ConnectException'{0x000000008c63fca0}: Connection refused: no further information> (0x000000008c63fca0) 
thrown [s\src\hotspot\share\prims\jni.cpp, line 535]
Event: 40.440 Thread 0x0000021e631193f0 Exception <a 'java/net/SocketException'{0x000000008c63ffd8}: Socket is not connected: shutdown> (0x000000008c63ffd8) 
thrown [s\src\hotspot\share\prims\jni.cpp, line 535]

VM Operations (20 events):
Event: 8.327 Executing VM operation: HandshakeAllThreads done
Event: 9.268 Executing VM operation: HandshakeAllThreads
Event: 9.268 Executing VM operation: HandshakeAllThreads done
Event: 9.268 Executing VM operation: Cleanup
Event: 9.269 Executing VM operation: Cleanup done
Event: 10.274 Executing VM operation: Cleanup
Event: 10.274 Executing VM operation: Cleanup done
Event: 22.362 Executing VM operation: Cleanup
Event: 22.362 Executing VM operation: Cleanup done
Event: 24.375 Executing VM operation: Cleanup
Event: 24.375 Executing VM operation: Cleanup done
Event: 35.479 Executing VM operation: Cleanup
Event: 35.479 Executing VM operation: Cleanup done
Event: 40.100 Executing VM operation: G1CollectForAllocation
Event: 40.134 Executing VM operation: G1CollectForAllocation done
Event: 41.136 Executing VM operation: Cleanup
Event: 41.136 Executing VM operation: Cleanup done
Event: 43.152 Executing VM operation: Cleanup
Event: 43.153 Executing VM operation: Cleanup done
Event: 48.194 Executing VM operation: Cleanup

Events (20 events):
Event: 40.538 Thread 0x0000021e624026a0 Thread added: 0x0000021e624026a0
Event: 40.538 Thread 0x0000021e62402bb0 Thread added: 0x0000021e62402bb0
Event: 42.782 Thread 0x0000021e624030c0 Thread added: 0x0000021e624030c0
Event: 42.782 Thread 0x0000021e624035d0 Thread added: 0x0000021e624035d0
Event: 42.789 Thread 0x0000021e62403ae0 Thread added: 0x0000021e62403ae0
Event: 42.789 Thread 0x0000021e62403ff0 Thread added: 0x0000021e62403ff0
Event: 42.790 Thread 0x0000021e62404500 Thread added: 0x0000021e62404500
Event: 43.077 loading class java/util/LinkedList$LLSpliterator
Event: 43.127 loading class java/util/LinkedList$LLSpliterator done
Event: 43.133 Thread 0x0000021e623feef0 Thread exited: 0x0000021e623feef0
Event: 43.133 Thread 0x0000021e62e21840 Thread exited: 0x0000021e62e21840
Event: 45.540 Thread 0x0000021e62402190 Thread exited: 0x0000021e62402190
Event: 47.373 loading class java/util/concurrent/ConcurrentHashMap$KeySpliterator
Event: 47.438 loading class java/util/concurrent/ConcurrentHashMap$KeySpliterator done
Event: 47.464 loading class java/io/FileWriter
Event: 47.503 loading class java/io/FileWriter done
Event: 47.503 loading class java/io/FileReader
Event: 47.544 loading class java/io/FileReader done
Event: 47.563 loading class java/net/InetAddress$CachedLocalHost
Event: 49.579 loading class java/net/InetAddress$CachedLocalHost done


Dynamic libraries:
0x00007ff711520000 - 0x00007ff71152e000 	C:\Users\ASUS\AppData\Local\Programs\Eclipse Adoptium\jdk-17.0.10.7-hotspot\bin\javaw.exe
0x00007ffe5f340000 - 0x00007ffe5f5a6000 	C:\WINDOWS\SYSTEM32\ntdll.dll
0x00007ffe5e150000 - 0x00007ffe5e219000 	C:\WINDOWS\System32\KERNEL32.DLL
0x00007ffe5cc60000 - 0x00007ffe5d060000 	C:\WINDOWS\System32\KERNELBASE.dll
0x00007ffe5ca10000 - 0x00007ffe5cb5c000 	C:\WINDOWS\System32\ucrtbase.dll
0x00007ffe47570000 - 0x00007ffe4758b000 	C:\Users\ASUS\AppData\Local\Programs\Eclipse Adoptium\jdk-17.0.10.7-hotspot\bin\VCRUNTIME140.dll
0x00007ffe47f30000 - 0x00007ffe47f47000 	C:\Users\ASUS\AppData\Local\Programs\Eclipse Adoptium\jdk-17.0.10.7-hotspot\bin\jli.dll
0x00007ffe5f0b0000 - 0x00007ffe5f277000 	C:\WINDOWS\System32\USER32.dll
0x00007ffe5b900000 - 0x00007ffe5bb92000 	C:\WINDOWS\WinSxS\amd64_microsoft.windows.common-controls_6595b64144ccf1df_6.0.26100.8737_none_3e092eaee333b772\COMCTL32.dll
0x00007ffe5cb70000 - 0x00007ffe5cb97000 	C:\WINDOWS\System32\win32u.dll
0x00007ffe5e220000 - 0x00007ffe5e2c9000 	C:\WINDOWS\System32\msvcrt.dll
0x00007ffe5ee80000 - 0x00007ffe5eeab000 	C:\WINDOWS\System32\GDI32.dll
0x00007ffe5c5f0000 - 0x00007ffe5c719000 	C:\WINDOWS\System32\gdi32full.dll
0x00007ffe5c720000 - 0x00007ffe5c7c3000 	C:\WINDOWS\System32\msvcp_win.dll
0x00007ffe5ebb0000 - 0x00007ffe5ebe2000 	C:\WINDOWS\System32\IMM32.DLL
0x00007ffe4a900000 - 0x00007ffe4a90c000 	C:\Users\ASUS\AppData\Local\Programs\Eclipse Adoptium\jdk-17.0.10.7-hotspot\bin\vcruntime140_1.dll
0x00007ffe29900000 - 0x00007ffe2998d000 	C:\Users\ASUS\AppData\Local\Programs\Eclipse Adoptium\jdk-17.0.10.7-hotspot\bin\msvcp140.dll
0x00007ffdbeb80000 - 0x00007ffdbf7e2000 	C:\Users\ASUS\AppData\Local\Programs\Eclipse Adoptium\jdk-17.0.10.7-hotspot\bin\server\jvm.dll
0x00007ffe5ed60000 - 0x00007ffe5ee17000 	C:\WINDOWS\System32\ADVAPI32.dll
0x00007ffe5eb00000 - 0x00007ffe5ebaa000 	C:\WINDOWS\System32\sechost.dll
0x00007ffe5ebf0000 - 0x00007ffe5ed08000 	C:\WINDOWS\System32\RPCRT4.dll
0x00007ffe47240000 - 0x00007ffe4724a000 	C:\WINDOWS\SYSTEM32\WSOCK32.dll
0x00007ffe4f010000 - 0x00007ffe4f046000 	C:\WINDOWS\SYSTEM32\WINMM.dll
0x00007ffe5eeb0000 - 0x00007ffe5ef30000 	C:\WINDOWS\System32\WS2_32.dll
0x00007ffe59fa0000 - 0x00007ffe59fab000 	C:\WINDOWS\SYSTEM32\VERSION.dll
0x00007ffe5c3e0000 - 0x00007ffe5c43e000 	C:\WINDOWS\SYSTEM32\POWRPROF.dll
0x00007ffe5c3c0000 - 0x00007ffe5c3d4000 	C:\WINDOWS\SYSTEM32\UMPDC.dll
0x00007ffe5a920000 - 0x00007ffe5a93b000 	C:\WINDOWS\SYSTEM32\kernel.appcore.dll
0x00007ffe48c60000 - 0x00007ffe48c6a000 	C:\Users\ASUS\AppData\Local\Programs\Eclipse Adoptium\jdk-17.0.10.7-hotspot\bin\jimage.dll
0x00007ffe5bdf0000 - 0x00007ffe5c032000 	C:\WINDOWS\SYSTEM32\DBGHELP.DLL
0x00007ffe5d0b0000 - 0x00007ffe5d433000 	C:\WINDOWS\System32\combase.dll
0x00007ffe5e920000 - 0x00007ffe5e9f9000 	C:\WINDOWS\System32\OLEAUT32.dll
0x00007ffe5bba0000 - 0x00007ffe5bbdb000 	C:\WINDOWS\SYSTEM32\dbgcore.DLL
0x00007ffe5c7d0000 - 0x00007ffe5c87c000 	C:\WINDOWS\System32\bcryptPrimitives.dll
0x00007ffe473d0000 - 0x00007ffe473f5000 	C:\Users\ASUS\AppData\Local\Programs\Eclipse Adoptium\jdk-17.0.10.7-hotspot\bin\java.dll
0x00007ffdfa450000 - 0x00007ffdfa527000 	C:\Users\ASUS\AppData\Local\Programs\Eclipse Adoptium\jdk-17.0.10.7-hotspot\bin\jsvml.dll
0x00007ffe5d710000 - 0x00007ffe5dea2000 	C:\WINDOWS\System32\SHELL32.dll
0x00007ffe58ec0000 - 0x00007ffe59752000 	C:\WINDOWS\SYSTEM32\windows.storage.dll
0x00007ffe5ef40000 - 0x00007ffe5f037000 	C:\WINDOWS\System32\SHCORE.dll
0x00007ffe5f040000 - 0x00007ffe5f0a7000 	C:\WINDOWS\System32\shlwapi.dll
0x00007ffe5c480000 - 0x00007ffe5c4a9000 	C:\WINDOWS\SYSTEM32\profapi.dll
0x00007ffe40e20000 - 0x00007ffe40e39000 	C:\Users\ASUS\AppData\Local\Programs\Eclipse Adoptium\jdk-17.0.10.7-hotspot\bin\net.dll
0x00007ffe5b340000 - 0x00007ffe5b469000 	C:\WINDOWS\SYSTEM32\WINHTTP.dll
0x00007ffe5a790000 - 0x00007ffe5a7fc000 	C:\WINDOWS\system32\mswsock.dll
0x00007ffe408e0000 - 0x00007ffe408f6000 	C:\Users\ASUS\AppData\Local\Programs\Eclipse Adoptium\jdk-17.0.10.7-hotspot\bin\nio.dll
0x00007ffe408c0000 - 0x00007ffe408d8000 	C:\Users\ASUS\AppData\Local\Programs\Eclipse Adoptium\jdk-17.0.10.7-hotspot\bin\zip.dll
0x00007ffe59b50000 - 0x00007ffe59ca5000 	C:\WINDOWS\SYSTEM32\DNSAPI.dll
0x00007ffe5a590000 - 0x00007ffe5a59d000 	C:\WINDOWS\SYSTEM32\DSPARSE.dll
0x00007ffe59b10000 - 0x00007ffe59b43000 	C:\WINDOWS\SYSTEM32\IPHLPAPI.DLL
0x00007ffe5d700000 - 0x00007ffe5d70a000 	C:\WINDOWS\System32\NSI.dll
0x00007ffe510d0000 - 0x00007ffe510db000 	C:\Windows\System32\rasadhlp.dll
0x00007ffe52a40000 - 0x00007ffe52ac6000 	C:\WINDOWS\System32\fwpuclnt.dll
0x00007ffe48a80000 - 0x00007ffe48a89000 	C:\Users\ASUS\AppData\Local\Programs\Eclipse Adoptium\jdk-17.0.10.7-hotspot\bin\extnet.dll
0x00007ffe5c060000 - 0x00007ffe5c07b000 	C:\WINDOWS\SYSTEM32\CRYPTSP.dll
0x00007ffe5a180000 - 0x00007ffe5a1b9000 	C:\WINDOWS\system32\rsaenh.dll
0x00007ffe5a850000 - 0x00007ffe5a882000 	C:\WINDOWS\SYSTEM32\USERENV.dll
0x00007ffe5c450000 - 0x00007ffe5c47a000 	C:\WINDOWS\SYSTEM32\bcrypt.dll
0x00007ffe5aab0000 - 0x00007ffe5aabc000 	C:\WINDOWS\SYSTEM32\CRYPTBASE.dll
0x00007ffe5b4a0000 - 0x00007ffe5b4bd000 	C:\WINDOWS\SYSTEM32\dhcpcsvc6.DLL
0x00007ffe5b470000 - 0x00007ffe5b495000 	C:\WINDOWS\SYSTEM32\dhcpcsvc.DLL
0x00007ffe474e0000 - 0x00007ffe474ee000 	C:\Users\ASUS\AppData\Local\Programs\Eclipse Adoptium\jdk-17.0.10.7-hotspot\bin\sunmscapi.dll
0x00007ffe5c890000 - 0x00007ffe5ca08000 	C:\WINDOWS\System32\CRYPT32.dll
0x00007ffe5b570000 - 0x00007ffe5b5a0000 	C:\WINDOWS\SYSTEM32\ncrypt.dll
0x00007ffe5b520000 - 0x00007ffe5b55f000 	C:\WINDOWS\SYSTEM32\NTASN1.dll
0x00007ffe4ac00000 - 0x00007ffe4ac08000 	C:\WINDOWS\system32\wshunix.dll
0x00007ffe33f10000 - 0x00007ffe33f28000 	C:\WINDOWS\system32\napinsp.dll
0x00007ffe33ef0000 - 0x00007ffe33f03000 	C:\WINDOWS\System32\winrnr.dll
0x00007ffe33ec0000 - 0x00007ffe33ee2000 	C:\WINDOWS\system32\nlansp_c.dll
0x00007ffe33dc0000 - 0x00007ffe33dd6000 	C:\WINDOWS\system32\wshbth.dll

dbghelp: loaded successfully - version: 4.0.5 - missing functions: none
symbol engine: initialized successfully - sym options: 0x614 - pdb path: .;C:\Users\ASUS\AppData\Local\Programs\Eclipse Adoptium\jdk-17.0.10.7-hotspot\bin;C:\WINDOWS\SYSTEM32;C:\WINDOWS\WinSxS\amd64_microsoft.windows.common-controls_6595b64144ccf1df_6.0.26100.8737_none_3e092eaee333b772;C:\Users\ASUS\AppData\Local\Programs\Eclipse Adoptium\jdk-17.0.10.7-hotspot\bin\server

VM Arguments:
jvm_args: -ea -Dfile.encoding=UTF-8 -Dstdout.encoding=UTF-8 -Dstderr.encoding=UTF-8 -XX:+ShowCodeDetailsInExceptionMessages 
java_command: org.testng.remote.RemoteTestNG -serport 56659 -protocol json -d C:\Users\ASUS\eclipse-workspace\SelniumWebDriver-WebDriverCommands\test-output C:\Users\ASUS\AppData\Local\Temp\testng-eclipse--350767718\testng-customsuite.xml
java_class_path (initial): C:\Users\ASUS\eclipse\jee-2026-06\eclipse\configuration\org.eclipse.osgi\1021\0\.cp\lib\testng-remote.jar;C:\Users\ASUS\eclipse-workspace\SelniumWebDriver-WebDriverCommands\target\test-classes;C:\Users\ASUS\eclipse-workspace\SelniumWebDriver-WebDriverCommands\target\classes;C:\Users\ASUS\.m2\repository\org\seleniumhq\selenium\selenium-java\4.45.0\selenium-java-4.45.0.jar;C:\Users\ASUS\.m2\repository\org\seleniumhq\selenium\selenium-api\4.45.0\selenium-api-4.45.0.jar;C:\Users\ASUS\.m2\repository\org\jspecify\jspecify\1.0.0\jspecify-1.0.0.jar;C:\Users\ASUS\.m2\repository\org\seleniumhq\selenium\selenium-chrome-driver\4.45.0\selenium-chrome-driver-4.45.0.jar;C:\Users\ASUS\.m2\repository\com\google\auto\service\auto-service-annotations\1.1.1\auto-service-annotations-1.1.1.jar;C:\Users\ASUS\.m2\repository\org\seleniumhq\selenium\selenium-chromium-driver\4.45.0\selenium-chromium-driver-4.45.0.jar;C:\Users\ASUS\.m2\repository\org\seleniumhq\selenium\selenium-json\4.45.0\selenium-json-4.45.0.jar;C:\Users\ASUS\.m2\repository\org\seleniumhq\selenium\selenium-manager\4.45.0\selenium-manager-4.45.0.jar;C:\Users\ASUS\.m2\repository\org\seleniumhq\selenium\selenium-devtools-latest\4.45.0\selenium-devtools-latest-4.45.0.jar;C:\Users\ASUS\.m2\repository\org\seleniumhq\selenium\selenium-devtools-v147\4.45.0\selenium-devtools-v147-4.45.0.jar;C:\Users\ASUS\.m2\repository\org\seleniumhq\selenium\selenium-devtools-v148\4.45.0\selenium-devtools-v148-4.45.0.jar;C:\Users\ASUS\.m2\repository\org\seleniumhq\selenium\selenium-devtools-v149\4.45.0\selenium-devtools-v149-4.45.0.jar;C:\Users\ASUS\.m2\repository\org\seleniumhq\selenium\selenium-edge-driver\4.45.0\selenium-edge-driver-4.45.0.jar;C:\Users\ASUS\.m2\repository\org\seleniumhq\selenium\selenium-firefox-driver\4.45.0\selenium-firefox-driver-4.45.0.jar;C:\Users\ASUS\.m2\repository\org\seleniumhq\selenium\selenium-http\4.45.0\selenium-http-4.45.0.jar;C:\Users\ASUS\.m2\repository\org\seleniumhq\selenium\seleniu
Launcher Type: SUN_STANDARD

[Global flags]
     intx CICompilerCount                          = 4                                         {product} {ergonomic}
     uint ConcGCThreads                            = 2                                         {product} {ergonomic}
     uint G1ConcRefinementThreads                  = 8                                         {product} {ergonomic}
   size_t G1HeapRegionSize                         = 1048576                                   {product} {ergonomic}
    uintx GCDrainStackTargetSize                   = 64                                        {product} {ergonomic}
   size_t InitialHeapSize                          = 130023424                                 {product} {ergonomic}
   size_t MarkStackSize                            = 4194304                                   {product} {ergonomic}
   size_t MaxHeapSize                              = 2067791872                                {product} {ergonomic}
   size_t MaxNewSize                               = 1240465408                                {product} {ergonomic}
   size_t MinHeapDeltaBytes                        = 1048576                                   {product} {ergonomic}
   size_t MinHeapSize                              = 8388608                                   {product} {ergonomic}
    uintx NonNMethodCodeHeapSize                   = 5839372                                {pd product} {ergonomic}
    uintx NonProfiledCodeHeapSize                  = 122909434                              {pd product} {ergonomic}
    uintx ProfiledCodeHeapSize                     = 122909434                              {pd product} {ergonomic}
    uintx ReservedCodeCacheSize                    = 251658240                              {pd product} {ergonomic}
     bool SegmentedCodeCache                       = true                                      {product} {ergonomic}
     bool ShowCodeDetailsInExceptionMessages       = true                                   {manageable} {command line}
   size_t SoftMaxHeapSize                          = 2067791872                             {manageable} {ergonomic}
     bool UseCompressedClassPointers               = true                           {product lp64_product} {ergonomic}
     bool UseCompressedOops                        = true                           {product lp64_product} {ergonomic}
     bool UseG1GC                                  = true                                      {product} {ergonomic}
     bool UseLargePagesIndividualAllocation        = false                                  {pd product} {ergonomic}

Logging:
Log output configuration:
 #0: stdout all=warning uptime,level,tags
 #1: stderr all=off uptime,level,tags

Environment Variables:
JAVA_HOME=C:\Users\ASUS\AppData\Local\Programs\Eclipse Adoptium\jdk-17.0.10.7-hotspot\
PATH=C:/Users/ASUS/.p2/pool/plugins/org.eclipse.justj.openjdk.hotspot.jre.full.win32.x86_64_21.0.11.v20260515-1531/jre/bin/server;C:/Users/ASUS/.p2/pool/plugins/org.eclipse.justj.openjdk.hotspot.jre.full.win32.x86_64_21.0.11.v20260515-1531/jre/bin;C:\Program Files\Common Files\Oracle\Java\javapath;C:\WINDOWS\system32;C:\WINDOWS;C:\WINDOWS\System32\Wbem;C:\WINDOWS\System32\WindowsPowerShell\v1.0\;C:\WINDOWS\System32\OpenSSH\;C:\MinGW\bin;C:\Program Files\nodejs\;C:\Program Files\cursor\resources\app\bin;D:\maven\apache-maven-3.9.14-bin\apache-maven-3.9.14\bin;C:\Program Files\Git\cmd;C:\Program Files\Git\bin;D:\gradle-9.5.1\bin;C:\Users\ASUS\AppData\Local\Programs\Python\Python315\Scripts\;C:\Users\ASUS\AppData\Local\Programs\Python\Python315\;C:\Users\ASUS\AppData\Local\Programs\Eclipse Adoptium\jdk-17.0.10.7-hotspot\bin;C:\Users\ASUS\AppData\Local\Microsoft\WindowsApps;C:\Users\ASUS\AppData\Local\Programs\Microsoft VS Code\bin;C:\Program Files\JetBrains\IntelliJ IDEA Community Edition 2024.2.1\bin;;C:\Users\ASUS\AppData\Local\Programs\cursor\resources\app\bin;C:\Users\ASUS\AppData\Roaming\npm;C:\Users\ASUS\AppData\Local\Programs\Antigravity\bin;D:\maven\apache-maven-3.9.14-bin\apache-maven-3.9.14\bin;C:\Program Files\Git\bin;;C:\Users\ASUS\OneDrive\Desktop;
USERNAME=ASUS
OS=Windows_NT
PROCESSOR_IDENTIFIER=Intel64 Family 6 Model 154 Stepping 4, GenuineIntel
TMP=C:\Users\ASUS\AppData\Local\Temp
TEMP=C:\Users\ASUS\AppData\Local\Temp



Periodic native trim disabled


---------------  S Y S T E M  ---------------

OS:
 Windows 11 , 64 bit Build 26100 (10.0.26100.8737)
OS uptime: 6 days 0:54 hours
Hyper-V role detected

CPU: total 8 (initial active 8) (4 cores per cpu, 2 threads per core) family 6 model 154 stepping 4 microcode 0x41e, cx8, cmov, fxsr, ht, mmx, 3dnowpref, sse, sse2, sse3, ssse3, sse4.1, sse4.2, popcnt, lzcnt, tsc, tscinvbit, avx, avx2, aes, erms, clmul, bmi1, bmi2, adx, sha, fma, vzeroupper, clflush, clflushopt, clwb, hv
Processor Information for processor 0
  Max Mhz: 1200, Current Mhz: 1200, Mhz Limit: 1200
Processor Information for processor 1
  Max Mhz: 1200, Current Mhz: 1200, Mhz Limit: 1200
Processor Information for processor 2
  Max Mhz: 1200, Current Mhz: 1200, Mhz Limit: 1200
Processor Information for processor 3
  Max Mhz: 1200, Current Mhz: 1200, Mhz Limit: 1200
Processor Information for processor 4
  Max Mhz: 1200, Current Mhz: 900, Mhz Limit: 900
Processor Information for processor 5
  Max Mhz: 1200, Current Mhz: 900, Mhz Limit: 900
Processor Information for processor 6
  Max Mhz: 1200, Current Mhz: 900, Mhz Limit: 900
Processor Information for processor 7
  Max Mhz: 1200, Current Mhz: 900, Mhz Limit: 900

Memory: 4k page, system-wide physical 7886M (452M free)
TotalPageFile size 25386M (AvailPageFile size 2M)
current process WorkingSet (physical memory assigned to process): 79M, peak: 111M
current process commit charge ("private bytes"): 243M, peak: 250M

vm_info: OpenJDK 64-Bit Server VM (17.0.10+7) for windows-amd64 JRE (17.0.10+7), built on Jan 16 2024 23:25:11 by "admin" with MS VC++ 16.10 / 16.11 (VS2019)

END.
