#
# There is insufficient memory for the Java Runtime Environment to continue.
# Native memory allocation (malloc) failed to allocate 541744 bytes for Chunk::new
# Possible reasons:
#   The system is out of physical RAM or swap space
#   The process is running with CompressedOops enabled, and the Java Heap may be blocking the growth of the native heap
# Possible solutions:
#   Reduce memory load on the system
#   Increase physical memory or swap space
#   Check if swap backing store is full
#   Decrease Java heap size (-Xmx/-Xms)
#   Decrease number of Java threads
#   Decrease Java thread stack sizes (-Xss)
#   Set larger code cache with -XX:ReservedCodeCacheSize=
#   JVM is running with Unscaled Compressed Oops mode in which the Java heap is
#     placed in the first 4GB address space. The Java Heap base address is the
#     maximum limit for the native heap growth. Please use -XX:HeapBaseMinAddress
#     to set the Java Heap base and to place the Java Heap above 4GB virtual address.
# This output file may be truncated or incomplete.
#
#  Out of Memory Error (arena.cpp:191), pid=27284, tid=36268
#
# JRE version: OpenJDK Runtime Environment Temurin-17.0.10+7 (17.0.10+7) (build 17.0.10+7)
# Java VM: OpenJDK 64-Bit Server VM Temurin-17.0.10+7 (17.0.10+7, mixed mode, sharing, tiered, compressed oops, compressed class ptrs, g1 gc, windows-amd64)
# No core dump will be written. Minidumps are not enabled by default on client versions of Windows
#

---------------  S U M M A R Y ------------

Command Line: -ea -Dfile.encoding=UTF-8 -Dstdout.encoding=UTF-8 -Dstderr.encoding=UTF-8 -XX:+ShowCodeDetailsInExceptionMessages org.testng.remote.RemoteTestNG -serport 49291 -protocol json -d C:\Users\ASUS\eclipse-workspace\SeeniumWebDriver-MultipleFrame\test-output C:\Users\ASUS\AppData\Local\Temp\testng-eclipse-2020349559\testng-customsuite.xml

Host: 12th Gen Intel(R) Core(TM) i3-1215U, 8 cores, 7G,  Windows 11 , 64 bit Build 26100 (10.0.26100.8875)
Time: Fri Jul 17 13:52:50 2026 India Standard Time elapsed time: 18.664957 seconds (0d 0h 0m 18s)

---------------  T H R E A D  ---------------

Current thread (0x000001671f5c7c50):  JavaThread "C2 CompilerThread0" daemon [_thread_in_native, id=36268, stack(0x0000005035400000,0x0000005035500000)]


Current CompileTask:
C2:  18665 1980       4       java.util.HashSet::add (20 bytes)

Stack: [0x0000005035400000,0x0000005035500000]
Native frames: (J=compiled Java code, j=interpreted, Vv=VM code, C=native code)
V  [jvm.dll+0x67d2c9]
V  [jvm.dll+0x834afa]
V  [jvm.dll+0x8365be]
V  [jvm.dll+0x836c23]
V  [jvm.dll+0x2477ff]
V  [jvm.dll+0xac514]
V  [jvm.dll+0xacb5c]
V  [jvm.dll+0x3667d7]
V  [jvm.dll+0x330bfa]
V  [jvm.dll+0x33009a]
V  [jvm.dll+0x219ef1]
V  [jvm.dll+0x219311]
V  [jvm.dll+0x1a502d]
V  [jvm.dll+0x2290de]
V  [jvm.dll+0x2272ac]
V  [jvm.dll+0x7e9bb7]
V  [jvm.dll+0x7e3fba]
V  [jvm.dll+0x67c1b5]
C  [ucrtbase.dll+0x2cd30]
C  [KERNEL32.DLL+0x2e957]
C  [ntdll.dll+0xaad6c]


---------------  P R O C E S S  ---------------

Threads class SMR info:
_java_thread_list=0x00000167654f7670, length=23, elements={
0x000001677fde3800, 0x000001671f597c30, 0x000001671f598500, 0x000001671f5ac570,
0x000001671f5aee50, 0x000001671f5b7730, 0x000001671f5be7f0, 0x000001671f5c7c50,
0x000001671f5ca620, 0x0000016765010060, 0x000001671f5bbf70, 0x000001671f5bc480,
0x000001671f5bd3b0, 0x000001671f5bd8c0, 0x000001671f5bddd0, 0x000001671f5be2e0,
0x000001671f5bed00, 0x000001671f5bb550, 0x000001671f5bba60, 0x00000167661ee260,
0x00000167661ec910, 0x00000167661eb4d0, 0x00000167661eaab0
}

Java Threads: ( => current thread )
  0x000001677fde3800 JavaThread "main" [_thread_in_vm, id=32556, stack(0x0000005034700000,0x0000005034800000)]
  0x000001671f597c30 JavaThread "Reference Handler" daemon [_thread_blocked, id=26864, stack(0x0000005034e00000,0x0000005034f00000)]
  0x000001671f598500 JavaThread "Finalizer" daemon [_thread_blocked, id=34008, stack(0x0000005034f00000,0x0000005035000000)]
  0x000001671f5ac570 JavaThread "Signal Dispatcher" daemon [_thread_blocked, id=26244, stack(0x0000005035000000,0x0000005035100000)]
  0x000001671f5aee50 JavaThread "Attach Listener" daemon [_thread_blocked, id=13008, stack(0x0000005035100000,0x0000005035200000)]
  0x000001671f5b7730 JavaThread "Service Thread" daemon [_thread_blocked, id=34768, stack(0x0000005035200000,0x0000005035300000)]
  0x000001671f5be7f0 JavaThread "Monitor Deflation Thread" daemon [_thread_blocked, id=36172, stack(0x0000005035300000,0x0000005035400000)]
=>0x000001671f5c7c50 JavaThread "C2 CompilerThread0" daemon [_thread_in_native, id=36268, stack(0x0000005035400000,0x0000005035500000)]
  0x000001671f5ca620 JavaThread "C1 CompilerThread0" daemon [_thread_blocked, id=36928, stack(0x0000005035500000,0x0000005035600000)]
  0x0000016765010060 JavaThread "Sweeper thread" daemon [_thread_blocked, id=37680, stack(0x0000005035600000,0x0000005035700000)]
  0x000001671f5bbf70 JavaThread "Notification Thread" daemon [_thread_blocked, id=30224, stack(0x0000005035700000,0x0000005035800000)]
  0x000001671f5bc480 JavaThread "Common-Cleaner" daemon [_thread_blocked, id=37704, stack(0x0000005035900000,0x0000005035a00000)]
  0x000001671f5bd3b0 JavaThread "ReaderThread" [_thread_in_native, id=37424, stack(0x0000005035b00000,0x0000005035c00000)]
  0x000001671f5bd8c0 JavaThread "ForkJoinPool.commonPool-worker-1" daemon [_thread_blocked, id=33836, stack(0x0000005036300000,0x0000005036400000)]
  0x000001671f5bddd0 JavaThread "HttpClient-1-SelectorManager" daemon [_thread_in_native, id=27020, stack(0x0000005036400000,0x0000005036500000)]
  0x000001671f5be2e0 JavaThread "External Process Output Forwarder - C:\Users\ASUS\.cache\selenium\chromedriver\win64\150.0.7871.124\chromedriver.exe" daemon [_thread_in_native, id=36944, stack(0x0000005036500000,0x0000005036600000)]
  0x000001671f5bed00 JavaThread "Driver Service Executor" daemon [_thread_blocked, id=35148, stack(0x0000005036600000,0x0000005036700000)]
  0x000001671f5bb550 JavaThread "Driver Service Executor" daemon [_thread_in_native, id=37152, stack(0x0000005036700000,0x0000005036800000)]
  0x000001671f5bba60 JavaThread "UrlChecker-2" daemon [_thread_blocked, id=33184, stack(0x0000005036800000,0x0000005036900000)]
  0x00000167661ee260 JavaThread "JdkHttpClient-0-0" daemon [_thread_blocked, id=37156, stack(0x0000005036a00000,0x0000005036b00000)]
  0x00000167661ec910 JavaThread "CompletableFutureDelayScheduler" daemon [_thread_blocked, id=26528, stack(0x0000005036b00000,0x0000005036c00000)]
  0x00000167661eb4d0 JavaThread "JdkHttpClient-0-1" daemon [_thread_blocked, id=21732, stack(0x0000005036c00000,0x0000005036d00000)]
  0x00000167661eaab0 JavaThread "JdkHttpClient-0-2" daemon [_thread_blocked, id=30868, stack(0x0000005036d00000,0x0000005036e00000)]

Other Threads:
  0x000001671f58b6c0 VMThread "VM Thread" [stack: 0x0000005034d00000,0x0000005034e00000] [id=18480]
  0x0000016765122280 WatcherThread [stack: 0x0000005035800000,0x0000005035900000] [id=35108]
  0x000001677fe3f980 GCTaskThread "GC Thread#0" [stack: 0x0000005034800000,0x0000005034900000] [id=32144]
  0x00000167664f90f0 GCTaskThread "GC Thread#1" [stack: 0x0000005035c00000,0x0000005035d00000] [id=26108]
  0x00000167664f93b0 GCTaskThread "GC Thread#2" [stack: 0x0000005035d00000,0x0000005035e00000] [id=29812]
  0x00000167664f9670 GCTaskThread "GC Thread#3" [stack: 0x0000005035e00000,0x0000005035f00000] [id=37720]
  0x000001676601e190 GCTaskThread "GC Thread#4" [stack: 0x0000005035f00000,0x0000005036000000] [id=10072]
  0x0000016765a158b0 GCTaskThread "GC Thread#5" [stack: 0x0000005036000000,0x0000005036100000] [id=32664]
  0x0000016765a15b70 GCTaskThread "GC Thread#6" [stack: 0x0000005036100000,0x0000005036200000] [id=12648]
  0x0000016766006530 GCTaskThread "GC Thread#7" [stack: 0x0000005036200000,0x0000005036300000] [id=8088]
  0x000001677fe511d0 ConcurrentGCThread "G1 Main Marker" [stack: 0x0000005034900000,0x0000005034a00000] [id=31944]
  0x000001677fe52a10 ConcurrentGCThread "G1 Conc#0" [stack: 0x0000005034a00000,0x0000005034b00000] [id=34084]
  0x000001677fe8e9d0 ConcurrentGCThread "G1 Refine#0" [stack: 0x0000005034b00000,0x0000005034c00000] [id=24740]
  0x000001671f436150 ConcurrentGCThread "G1 Service" [stack: 0x0000005034c00000,0x0000005034d00000] [id=19396]

Threads with active compile tasks:
C2 CompilerThread0    18713 1980       4       java.util.HashSet::add (20 bytes)
C1 CompilerThread0    18713 2004       3       java.lang.ThreadLocal$ThreadLocalMap::getEntry (42 bytes)

VM state: not at safepoint (normal execution)

VM Mutex/Monitor currently owned by a thread: None

Heap address: 0x0000000084c00000, size: 1972 MB, Compressed Oops mode: 32-bit

CDS archive(s) mapped at: [0x0000016720000000-0x0000016720bb0000-0x0000016720bb0000), size 12255232, SharedBaseAddress: 0x0000016720000000, ArchiveRelocationMode: 1.
Compressed class space mapped at: 0x0000016721000000-0x0000016761000000, reserved size: 1073741824
Narrow klass base: 0x0000016720000000, Narrow klass shift: 0, Narrow klass range: 0x100000000

GC Precious Log:
 CPUs: 8 total, 8 available
 Memory: 7886M
 Large Page Support: Disabled
 NUMA Support: Disabled
 Compressed Oops: Enabled (32-bit)
 Heap Region Size: 1M
 Heap Min Capacity: 8M
 Heap Initial Capacity: 124M
 Heap Max Capacity: 1972M
 Pre-touch: Disabled
 Parallel Workers: 8
 Concurrent Workers: 2
 Concurrent Refinement Workers: 8
 Periodic GC: Disabled

Heap:
 garbage-first heap   total 126976K, used 26244K [0x0000000084c00000, 0x0000000100000000)
  region size 1024K, 25 young (25600K), 3 survivors (3072K)
 Metaspace       used 16537K, committed 16896K, reserved 1114112K
  class space    used 2045K, committed 2240K, reserved 1048576K

Heap Regions: E=young(eden), S=young(survivor), O=old, HS=humongous(starts), HC=humongous(continues), CS=collection set, F=free, OA=open archive, CA=closed archive, TAMS=top-at-mark-start (previous, next)
|   0|0x0000000084c00000, 0x0000000084d00000, 0x0000000084d00000|100%| O|  |TAMS 0x0000000084c00000, 0x0000000084c00000| Untracked 
|   1|0x0000000084d00000, 0x0000000084da1200, 0x0000000084e00000| 62%| O|  |TAMS 0x0000000084d00000, 0x0000000084d00000| Untracked 
|   2|0x0000000084e00000, 0x0000000084e00000, 0x0000000084f00000|  0%| F|  |TAMS 0x0000000084e00000, 0x0000000084e00000| Untracked 
|   3|0x0000000084f00000, 0x0000000084f00000, 0x0000000085000000|  0%| F|  |TAMS 0x0000000084f00000, 0x0000000084f00000| Untracked 
|   4|0x0000000085000000, 0x0000000085000000, 0x0000000085100000|  0%| F|  |TAMS 0x0000000085000000, 0x0000000085000000| Untracked 
|   5|0x0000000085100000, 0x0000000085100000, 0x0000000085200000|  0%| F|  |TAMS 0x0000000085100000, 0x0000000085100000| Untracked 
|   6|0x0000000085200000, 0x0000000085200000, 0x0000000085300000|  0%| F|  |TAMS 0x0000000085200000, 0x0000000085200000| Untracked 
|   7|0x0000000085300000, 0x0000000085300000, 0x0000000085400000|  0%| F|  |TAMS 0x0000000085300000, 0x0000000085300000| Untracked 
|   8|0x0000000085400000, 0x0000000085400000, 0x0000000085500000|  0%| F|  |TAMS 0x0000000085400000, 0x0000000085400000| Untracked 
|   9|0x0000000085500000, 0x0000000085500000, 0x0000000085600000|  0%| F|  |TAMS 0x0000000085500000, 0x0000000085500000| Untracked 
|  10|0x0000000085600000, 0x0000000085600000, 0x0000000085700000|  0%| F|  |TAMS 0x0000000085600000, 0x0000000085600000| Untracked 
|  11|0x0000000085700000, 0x0000000085700000, 0x0000000085800000|  0%| F|  |TAMS 0x0000000085700000, 0x0000000085700000| Untracked 
|  12|0x0000000085800000, 0x0000000085800000, 0x0000000085900000|  0%| F|  |TAMS 0x0000000085800000, 0x0000000085800000| Untracked 
|  13|0x0000000085900000, 0x0000000085900000, 0x0000000085a00000|  0%| F|  |TAMS 0x0000000085900000, 0x0000000085900000| Untracked 
|  14|0x0000000085a00000, 0x0000000085a00000, 0x0000000085b00000|  0%| F|  |TAMS 0x0000000085a00000, 0x0000000085a00000| Untracked 
|  15|0x0000000085b00000, 0x0000000085b00000, 0x0000000085c00000|  0%| F|  |TAMS 0x0000000085b00000, 0x0000000085b00000| Untracked 
|  16|0x0000000085c00000, 0x0000000085c00000, 0x0000000085d00000|  0%| F|  |TAMS 0x0000000085c00000, 0x0000000085c00000| Untracked 
|  17|0x0000000085d00000, 0x0000000085d00000, 0x0000000085e00000|  0%| F|  |TAMS 0x0000000085d00000, 0x0000000085d00000| Untracked 
|  18|0x0000000085e00000, 0x0000000085e00000, 0x0000000085f00000|  0%| F|  |TAMS 0x0000000085e00000, 0x0000000085e00000| Untracked 
|  19|0x0000000085f00000, 0x0000000085f00000, 0x0000000086000000|  0%| F|  |TAMS 0x0000000085f00000, 0x0000000085f00000| Untracked 
|  20|0x0000000086000000, 0x0000000086000000, 0x0000000086100000|  0%| F|  |TAMS 0x0000000086000000, 0x0000000086000000| Untracked 
|  21|0x0000000086100000, 0x0000000086100000, 0x0000000086200000|  0%| F|  |TAMS 0x0000000086100000, 0x0000000086100000| Untracked 
|  22|0x0000000086200000, 0x0000000086200000, 0x0000000086300000|  0%| F|  |TAMS 0x0000000086200000, 0x0000000086200000| Untracked 
|  23|0x0000000086300000, 0x0000000086300000, 0x0000000086400000|  0%| F|  |TAMS 0x0000000086300000, 0x0000000086300000| Untracked 
|  24|0x0000000086400000, 0x0000000086400000, 0x0000000086500000|  0%| F|  |TAMS 0x0000000086400000, 0x0000000086400000| Untracked 
|  25|0x0000000086500000, 0x0000000086500000, 0x0000000086600000|  0%| F|  |TAMS 0x0000000086500000, 0x0000000086500000| Untracked 
|  26|0x0000000086600000, 0x0000000086600000, 0x0000000086700000|  0%| F|  |TAMS 0x0000000086600000, 0x0000000086600000| Untracked 
|  27|0x0000000086700000, 0x0000000086700000, 0x0000000086800000|  0%| F|  |TAMS 0x0000000086700000, 0x0000000086700000| Untracked 
|  28|0x0000000086800000, 0x0000000086800000, 0x0000000086900000|  0%| F|  |TAMS 0x0000000086800000, 0x0000000086800000| Untracked 
|  29|0x0000000086900000, 0x0000000086900000, 0x0000000086a00000|  0%| F|  |TAMS 0x0000000086900000, 0x0000000086900000| Untracked 
|  30|0x0000000086a00000, 0x0000000086a00000, 0x0000000086b00000|  0%| F|  |TAMS 0x0000000086a00000, 0x0000000086a00000| Untracked 
|  31|0x0000000086b00000, 0x0000000086b00000, 0x0000000086c00000|  0%| F|  |TAMS 0x0000000086b00000, 0x0000000086b00000| Untracked 
|  32|0x0000000086c00000, 0x0000000086c00000, 0x0000000086d00000|  0%| F|  |TAMS 0x0000000086c00000, 0x0000000086c00000| Untracked 
|  33|0x0000000086d00000, 0x0000000086d00000, 0x0000000086e00000|  0%| F|  |TAMS 0x0000000086d00000, 0x0000000086d00000| Untracked 
|  34|0x0000000086e00000, 0x0000000086e00000, 0x0000000086f00000|  0%| F|  |TAMS 0x0000000086e00000, 0x0000000086e00000| Untracked 
|  35|0x0000000086f00000, 0x0000000086f00000, 0x0000000087000000|  0%| F|  |TAMS 0x0000000086f00000, 0x0000000086f00000| Untracked 
|  36|0x0000000087000000, 0x0000000087000000, 0x0000000087100000|  0%| F|  |TAMS 0x0000000087000000, 0x0000000087000000| Untracked 
|  37|0x0000000087100000, 0x0000000087100000, 0x0000000087200000|  0%| F|  |TAMS 0x0000000087100000, 0x0000000087100000| Untracked 
|  38|0x0000000087200000, 0x0000000087200000, 0x0000000087300000|  0%| F|  |TAMS 0x0000000087200000, 0x0000000087200000| Untracked 
|  39|0x0000000087300000, 0x0000000087300000, 0x0000000087400000|  0%| F|  |TAMS 0x0000000087300000, 0x0000000087300000| Untracked 
|  40|0x0000000087400000, 0x0000000087400000, 0x0000000087500000|  0%| F|  |TAMS 0x0000000087400000, 0x0000000087400000| Untracked 
|  41|0x0000000087500000, 0x0000000087500000, 0x0000000087600000|  0%| F|  |TAMS 0x0000000087500000, 0x0000000087500000| Untracked 
|  42|0x0000000087600000, 0x0000000087600000, 0x0000000087700000|  0%| F|  |TAMS 0x0000000087600000, 0x0000000087600000| Untracked 
|  43|0x0000000087700000, 0x0000000087700000, 0x0000000087800000|  0%| F|  |TAMS 0x0000000087700000, 0x0000000087700000| Untracked 
|  44|0x0000000087800000, 0x0000000087800000, 0x0000000087900000|  0%| F|  |TAMS 0x0000000087800000, 0x0000000087800000| Untracked 
|  45|0x0000000087900000, 0x0000000087900000, 0x0000000087a00000|  0%| F|  |TAMS 0x0000000087900000, 0x0000000087900000| Untracked 
|  46|0x0000000087a00000, 0x0000000087a00000, 0x0000000087b00000|  0%| F|  |TAMS 0x0000000087a00000, 0x0000000087a00000| Untracked 
|  47|0x0000000087b00000, 0x0000000087b00000, 0x0000000087c00000|  0%| F|  |TAMS 0x0000000087b00000, 0x0000000087b00000| Untracked 
|  48|0x0000000087c00000, 0x0000000087c00000, 0x0000000087d00000|  0%| F|  |TAMS 0x0000000087c00000, 0x0000000087c00000| Untracked 
|  49|0x0000000087d00000, 0x0000000087d00000, 0x0000000087e00000|  0%| F|  |TAMS 0x0000000087d00000, 0x0000000087d00000| Untracked 
|  50|0x0000000087e00000, 0x0000000087e00000, 0x0000000087f00000|  0%| F|  |TAMS 0x0000000087e00000, 0x0000000087e00000| Untracked 
|  51|0x0000000087f00000, 0x0000000087f00000, 0x0000000088000000|  0%| F|  |TAMS 0x0000000087f00000, 0x0000000087f00000| Untracked 
|  52|0x0000000088000000, 0x0000000088000000, 0x0000000088100000|  0%| F|  |TAMS 0x0000000088000000, 0x0000000088000000| Untracked 
|  53|0x0000000088100000, 0x0000000088100000, 0x0000000088200000|  0%| F|  |TAMS 0x0000000088100000, 0x0000000088100000| Untracked 
|  54|0x0000000088200000, 0x0000000088200000, 0x0000000088300000|  0%| F|  |TAMS 0x0000000088200000, 0x0000000088200000| Untracked 
|  55|0x0000000088300000, 0x0000000088300000, 0x0000000088400000|  0%| F|  |TAMS 0x0000000088300000, 0x0000000088300000| Untracked 
|  56|0x0000000088400000, 0x0000000088400000, 0x0000000088500000|  0%| F|  |TAMS 0x0000000088400000, 0x0000000088400000| Untracked 
|  57|0x0000000088500000, 0x0000000088500000, 0x0000000088600000|  0%| F|  |TAMS 0x0000000088500000, 0x0000000088500000| Untracked 
|  58|0x0000000088600000, 0x0000000088600000, 0x0000000088700000|  0%| F|  |TAMS 0x0000000088600000, 0x0000000088600000| Untracked 
|  59|0x0000000088700000, 0x0000000088700000, 0x0000000088800000|  0%| F|  |TAMS 0x0000000088700000, 0x0000000088700000| Untracked 
|  60|0x0000000088800000, 0x0000000088800000, 0x0000000088900000|  0%| F|  |TAMS 0x0000000088800000, 0x0000000088800000| Untracked 
|  61|0x0000000088900000, 0x0000000088900000, 0x0000000088a00000|  0%| F|  |TAMS 0x0000000088900000, 0x0000000088900000| Untracked 
|  62|0x0000000088a00000, 0x0000000088a00000, 0x0000000088b00000|  0%| F|  |TAMS 0x0000000088a00000, 0x0000000088a00000| Untracked 
|  63|0x0000000088b00000, 0x0000000088b00000, 0x0000000088c00000|  0%| F|  |TAMS 0x0000000088b00000, 0x0000000088b00000| Untracked 
|  64|0x0000000088c00000, 0x0000000088c00000, 0x0000000088d00000|  0%| F|  |TAMS 0x0000000088c00000, 0x0000000088c00000| Untracked 
|  65|0x0000000088d00000, 0x0000000088d00000, 0x0000000088e00000|  0%| F|  |TAMS 0x0000000088d00000, 0x0000000088d00000| Untracked 
|  66|0x0000000088e00000, 0x0000000088e00000, 0x0000000088f00000|  0%| F|  |TAMS 0x0000000088e00000, 0x0000000088e00000| Untracked 
|  67|0x0000000088f00000, 0x0000000088f00000, 0x0000000089000000|  0%| F|  |TAMS 0x0000000088f00000, 0x0000000088f00000| Untracked 
|  68|0x0000000089000000, 0x0000000089000000, 0x0000000089100000|  0%| F|  |TAMS 0x0000000089000000, 0x0000000089000000| Untracked 
|  69|0x0000000089100000, 0x0000000089100000, 0x0000000089200000|  0%| F|  |TAMS 0x0000000089100000, 0x0000000089100000| Untracked 
|  70|0x0000000089200000, 0x0000000089200000, 0x0000000089300000|  0%| F|  |TAMS 0x0000000089200000, 0x0000000089200000| Untracked 
|  71|0x0000000089300000, 0x0000000089300000, 0x0000000089400000|  0%| F|  |TAMS 0x0000000089300000, 0x0000000089300000| Untracked 
|  72|0x0000000089400000, 0x0000000089400000, 0x0000000089500000|  0%| F|  |TAMS 0x0000000089400000, 0x0000000089400000| Untracked 
|  73|0x0000000089500000, 0x0000000089500000, 0x0000000089600000|  0%| F|  |TAMS 0x0000000089500000, 0x0000000089500000| Untracked 
|  74|0x0000000089600000, 0x0000000089600000, 0x0000000089700000|  0%| F|  |TAMS 0x0000000089600000, 0x0000000089600000| Untracked 
|  75|0x0000000089700000, 0x0000000089700000, 0x0000000089800000|  0%| F|  |TAMS 0x0000000089700000, 0x0000000089700000| Untracked 
|  76|0x0000000089800000, 0x0000000089800000, 0x0000000089900000|  0%| F|  |TAMS 0x0000000089800000, 0x0000000089800000| Untracked 
|  77|0x0000000089900000, 0x0000000089900000, 0x0000000089a00000|  0%| F|  |TAMS 0x0000000089900000, 0x0000000089900000| Untracked 
|  78|0x0000000089a00000, 0x0000000089a00000, 0x0000000089b00000|  0%| F|  |TAMS 0x0000000089a00000, 0x0000000089a00000| Untracked 
|  79|0x0000000089b00000, 0x0000000089b00000, 0x0000000089c00000|  0%| F|  |TAMS 0x0000000089b00000, 0x0000000089b00000| Untracked 
|  80|0x0000000089c00000, 0x0000000089c00000, 0x0000000089d00000|  0%| F|  |TAMS 0x0000000089c00000, 0x0000000089c00000| Untracked 
|  81|0x0000000089d00000, 0x0000000089d00000, 0x0000000089e00000|  0%| F|  |TAMS 0x0000000089d00000, 0x0000000089d00000| Untracked 
|  82|0x0000000089e00000, 0x0000000089e00000, 0x0000000089f00000|  0%| F|  |TAMS 0x0000000089e00000, 0x0000000089e00000| Untracked 
|  83|0x0000000089f00000, 0x0000000089f00000, 0x000000008a000000|  0%| F|  |TAMS 0x0000000089f00000, 0x0000000089f00000| Untracked 
|  84|0x000000008a000000, 0x000000008a000000, 0x000000008a100000|  0%| F|  |TAMS 0x000000008a000000, 0x000000008a000000| Untracked 
|  85|0x000000008a100000, 0x000000008a100000, 0x000000008a200000|  0%| F|  |TAMS 0x000000008a100000, 0x000000008a100000| Untracked 
|  86|0x000000008a200000, 0x000000008a200000, 0x000000008a300000|  0%| F|  |TAMS 0x000000008a200000, 0x000000008a200000| Untracked 
|  87|0x000000008a300000, 0x000000008a300000, 0x000000008a400000|  0%| F|  |TAMS 0x000000008a300000, 0x000000008a300000| Untracked 
|  88|0x000000008a400000, 0x000000008a400000, 0x000000008a500000|  0%| F|  |TAMS 0x000000008a400000, 0x000000008a400000| Untracked 
|  89|0x000000008a500000, 0x000000008a500000, 0x000000008a600000|  0%| F|  |TAMS 0x000000008a500000, 0x000000008a500000| Untracked 
|  90|0x000000008a600000, 0x000000008a600000, 0x000000008a700000|  0%| F|  |TAMS 0x000000008a600000, 0x000000008a600000| Untracked 
|  91|0x000000008a700000, 0x000000008a700000, 0x000000008a800000|  0%| F|  |TAMS 0x000000008a700000, 0x000000008a700000| Untracked 
|  92|0x000000008a800000, 0x000000008a800000, 0x000000008a900000|  0%| F|  |TAMS 0x000000008a800000, 0x000000008a800000| Untracked 
|  93|0x000000008a900000, 0x000000008a900000, 0x000000008aa00000|  0%| F|  |TAMS 0x000000008a900000, 0x000000008a900000| Untracked 
|  94|0x000000008aa00000, 0x000000008aa00000, 0x000000008ab00000|  0%| F|  |TAMS 0x000000008aa00000, 0x000000008aa00000| Untracked 
|  95|0x000000008ab00000, 0x000000008ab00000, 0x000000008ac00000|  0%| F|  |TAMS 0x000000008ab00000, 0x000000008ab00000| Untracked 
|  96|0x000000008ac00000, 0x000000008ac00000, 0x000000008ad00000|  0%| F|  |TAMS 0x000000008ac00000, 0x000000008ac00000| Untracked 
|  97|0x000000008ad00000, 0x000000008ad00000, 0x000000008ae00000|  0%| F|  |TAMS 0x000000008ad00000, 0x000000008ad00000| Untracked 
|  98|0x000000008ae00000, 0x000000008af00000, 0x000000008af00000|100%| S|CS|TAMS 0x000000008ae00000, 0x000000008ae00000| Complete 
|  99|0x000000008af00000, 0x000000008b000000, 0x000000008b000000|100%| S|CS|TAMS 0x000000008af00000, 0x000000008af00000| Complete 
| 100|0x000000008b000000, 0x000000008b100000, 0x000000008b100000|100%| S|CS|TAMS 0x000000008b000000, 0x000000008b000000| Complete 
| 101|0x000000008b100000, 0x000000008b100000, 0x000000008b200000|  0%| F|  |TAMS 0x000000008b100000, 0x000000008b100000| Untracked 
| 102|0x000000008b200000, 0x000000008b280800, 0x000000008b300000| 50%| E|  |TAMS 0x000000008b200000, 0x000000008b200000| Complete 
| 103|0x000000008b300000, 0x000000008b400000, 0x000000008b400000|100%| E|CS|TAMS 0x000000008b300000, 0x000000008b300000| Complete 
| 104|0x000000008b400000, 0x000000008b500000, 0x000000008b500000|100%| E|CS|TAMS 0x000000008b400000, 0x000000008b400000| Complete 
| 105|0x000000008b500000, 0x000000008b600000, 0x000000008b600000|100%| E|CS|TAMS 0x000000008b500000, 0x000000008b500000| Complete 
| 106|0x000000008b600000, 0x000000008b700000, 0x000000008b700000|100%| E|CS|TAMS 0x000000008b600000, 0x000000008b600000| Complete 
| 107|0x000000008b700000, 0x000000008b800000, 0x000000008b800000|100%| E|CS|TAMS 0x000000008b700000, 0x000000008b700000| Complete 
| 108|0x000000008b800000, 0x000000008b900000, 0x000000008b900000|100%| E|CS|TAMS 0x000000008b800000, 0x000000008b800000| Complete 
| 109|0x000000008b900000, 0x000000008ba00000, 0x000000008ba00000|100%| E|CS|TAMS 0x000000008b900000, 0x000000008b900000| Complete 
| 110|0x000000008ba00000, 0x000000008bb00000, 0x000000008bb00000|100%| E|CS|TAMS 0x000000008ba00000, 0x000000008ba00000| Complete 
| 111|0x000000008bb00000, 0x000000008bc00000, 0x000000008bc00000|100%| E|CS|TAMS 0x000000008bb00000, 0x000000008bb00000| Complete 
| 112|0x000000008bc00000, 0x000000008bd00000, 0x000000008bd00000|100%| E|CS|TAMS 0x000000008bc00000, 0x000000008bc00000| Complete 
| 113|0x000000008bd00000, 0x000000008be00000, 0x000000008be00000|100%| E|CS|TAMS 0x000000008bd00000, 0x000000008bd00000| Complete 
| 114|0x000000008be00000, 0x000000008bf00000, 0x000000008bf00000|100%| E|CS|TAMS 0x000000008be00000, 0x000000008be00000| Complete 
| 115|0x000000008bf00000, 0x000000008c000000, 0x000000008c000000|100%| E|CS|TAMS 0x000000008bf00000, 0x000000008bf00000| Complete 
| 116|0x000000008c000000, 0x000000008c100000, 0x000000008c100000|100%| E|CS|TAMS 0x000000008c000000, 0x000000008c000000| Complete 
| 117|0x000000008c100000, 0x000000008c200000, 0x000000008c200000|100%| E|CS|TAMS 0x000000008c100000, 0x000000008c100000| Complete 
| 118|0x000000008c200000, 0x000000008c300000, 0x000000008c300000|100%| E|CS|TAMS 0x000000008c200000, 0x000000008c200000| Complete 
| 119|0x000000008c300000, 0x000000008c400000, 0x000000008c400000|100%| E|CS|TAMS 0x000000008c300000, 0x000000008c300000| Complete 
| 120|0x000000008c400000, 0x000000008c500000, 0x000000008c500000|100%| E|CS|TAMS 0x000000008c400000, 0x000000008c400000| Complete 
| 121|0x000000008c500000, 0x000000008c600000, 0x000000008c600000|100%| E|CS|TAMS 0x000000008c500000, 0x000000008c500000| Complete 
| 122|0x000000008c600000, 0x000000008c700000, 0x000000008c700000|100%| E|CS|TAMS 0x000000008c600000, 0x000000008c600000| Complete 
| 123|0x000000008c700000, 0x000000008c800000, 0x000000008c800000|100%| E|CS|TAMS 0x000000008c700000, 0x000000008c700000| Complete 

Card table byte_map: [0x0000016718bd0000,0x0000016718fb0000] _byte_map_base: 0x00000167187aa000

Marking Bits (Prev, Next): (CMBitMap*) 0x000001677fe3fdb0, (CMBitMap*) 0x000001677fe3fdf0
 Prev Bits: [0x0000016719390000, 0x000001671b260000)
 Next Bits: [0x000001671b260000, 0x000001671d130000)

Polling page: 0x000001677fe90000

Metaspace:

Usage:
  Non-class:     14.16 MB used.
      Class:      2.00 MB used.
       Both:     16.16 MB used.

Virtual space:
  Non-class space:       64.00 MB reserved,      14.31 MB ( 22%) committed,  1 nodes.
      Class space:        1.00 GB reserved,       2.19 MB ( <1%) committed,  1 nodes.
             Both:        1.06 GB reserved,      16.50 MB (  2%) committed. 

Chunk freelists:
   Non-Class:  1.12 MB
       Class:  13.80 MB
        Both:  14.92 MB

MaxMetaspaceSize: unlimited
CompressedClassSpaceSize: 1.00 GB
Initial GC threshold: 21.00 MB
Current GC threshold: 21.00 MB
CDS: on
MetaspaceReclaimPolicy: balanced
 - commit_granule_bytes: 65536.
 - commit_granule_words: 8192.
 - virtual_space_node_default_size: 8388608.
 - enlarge_chunks_in_place: 1.
 - new_chunks_are_fully_committed: 0.
 - uncommit_free_chunks: 1.
 - use_allocation_guard: 0.
 - handle_deallocations: 1.


Internal statistics:

num_allocs_failed_limit: 0.
num_arena_births: 354.
num_arena_deaths: 0.
num_vsnodes_births: 2.
num_vsnodes_deaths: 0.
num_space_committed: 264.
num_space_uncommitted: 0.
num_chunks_returned_to_freelist: 0.
num_chunks_taken_from_freelist: 774.
num_chunk_merges: 0.
num_chunk_splits: 482.
num_chunks_enlarged: 317.
num_inconsistent_stats: 0.

CodeHeap 'non-profiled nmethods': size=120000Kb used=758Kb max_used=758Kb free=119242Kb
 bounds [0x0000016710950000, 0x0000016710bc0000, 0x0000016717e80000]
CodeHeap 'profiled nmethods': size=120000Kb used=4025Kb max_used=4025Kb free=115975Kb
 bounds [0x0000016708e80000, 0x0000016709270000, 0x00000167103b0000]
CodeHeap 'non-nmethods': size=5760Kb used=1228Kb max_used=1255Kb free=4531Kb
 bounds [0x00000167103b0000, 0x0000016710620000, 0x0000016710950000]
 total_blobs=2533 nmethods=2003 adapters=442
 compilation: enabled
              stopped_count=0, restarted_count=0
 full_count=0

Compilation events (20 events):
Event: 15.597 Thread 0x000001671f5ca620 1992       3       org.openqa.selenium.remote.codec.AbstractHttpCommandCodec$CommandSpec$$Lambda$560/0x0000016721224400::test (8 bytes)
Event: 15.597 Thread 0x000001671f5ca620 nmethod 1992 0x0000016709264a10 code [0x0000016709264bc0, 0x0000016709264f58]
Event: 15.597 Thread 0x000001671f5ca620 1993       3       java.util.ArrayList::toArray (12 bytes)
Event: 15.597 Thread 0x000001671f5ca620 nmethod 1993 0x0000016709265090 code [0x0000016709265240, 0x0000016709265428]
Event: 15.597 Thread 0x000001671f5ca620 1988       1       java.lang.invoke.MethodHandleImpl$AsVarargsCollector::getTarget (5 bytes)
Event: 15.597 Thread 0x000001671f5ca620 nmethod 1988 0x0000016710a0cf10 code [0x0000016710a0d0a0, 0x0000016710a0d178]
Event: 15.597 Thread 0x000001671f5ca620 1994       1       sun.nio.fs.NativeBuffer::setOwner (6 bytes)
Event: 15.597 Thread 0x000001671f5ca620 nmethod 1994 0x0000016710a0d210 code [0x0000016710a0d3a0, 0x0000016710a0d4b8]
Event: 15.601 Thread 0x000001671f5ca620 1995       3       java.util.stream.Collectors$$Lambda$205/0x0000016721096c30::accept (14 bytes)
Event: 15.602 Thread 0x000001671f5ca620 nmethod 1995 0x0000016709265510 code [0x00000167092656e0, 0x0000016709265ca8]
Event: 15.602 Thread 0x000001671f5ca620 1996       3       java.io.WinNTFileSystem::normalize (224 bytes)
Event: 15.605 Thread 0x000001671f5ca620 nmethod 1996 0x0000016709265f10 code [0x0000016709266300, 0x0000016709267e78]
Event: 15.605 Thread 0x000001671f5ca620 1998       3       java.lang.StringLatin1::trim (76 bytes)
Event: 15.605 Thread 0x000001671f5ca620 nmethod 1998 0x0000016709268890 code [0x0000016709268a60, 0x0000016709268e48]
Event: 15.605 Thread 0x000001671f5ca620 1997       3       java.lang.String::trim (35 bytes)
Event: 15.606 Thread 0x000001671f5ca620 nmethod 1997 0x0000016709268f90 code [0x0000016709269160, 0x0000016709269458]
Event: 16.620 Thread 0x000001671f5ca620 1999       3       java.nio.CharBuffer::arrayOffset (35 bytes)
Event: 16.620 Thread 0x000001671f5ca620 nmethod 1999 0x0000016709269510 code [0x00000167092696e0, 0x00000167092699b8]
Event: 18.391 Thread 0x000001671f5ca620 2000       1       java.lang.invoke.MethodHandle::isInvokeSpecial (2 bytes)
Event: 18.392 Thread 0x000001671f5ca620 nmethod 2000 0x0000016710a0d510 code [0x0000016710a0d6a0, 0x0000016710a0d778]

GC Heap History (2 events):
Event: 5.153 GC heap before
{Heap before GC invocations=0 (full 0):
 garbage-first heap   total 126976K, used 22528K [0x0000000084c00000, 0x0000000100000000)
  region size 1024K, 23 young (23552K), 0 survivors (0K)
 Metaspace       used 8450K, committed 8768K, reserved 1114112K
  class space    used 1008K, committed 1152K, reserved 1048576K
}
Event: 5.165 GC heap after
{Heap after GC invocations=1 (full 0):
 garbage-first heap   total 126976K, used 4740K [0x0000000084c00000, 0x0000000100000000)
  region size 1024K, 3 young (3072K), 3 survivors (3072K)
 Metaspace       used 8450K, committed 8768K, reserved 1114112K
  class space    used 1008K, committed 1152K, reserved 1048576K
}

Dll operation events (8 events):
Event: 0.019 Loaded shared library C:\Users\ASUS\AppData\Local\Programs\Eclipse Adoptium\jdk-17.0.10.7-hotspot\bin\java.dll
Event: 0.049 Loaded shared library C:\Users\ASUS\AppData\Local\Programs\Eclipse Adoptium\jdk-17.0.10.7-hotspot\bin\jsvml.dll
Event: 0.126 Loaded shared library C:\Users\ASUS\AppData\Local\Programs\Eclipse Adoptium\jdk-17.0.10.7-hotspot\bin\net.dll
Event: 0.129 Loaded shared library C:\Users\ASUS\AppData\Local\Programs\Eclipse Adoptium\jdk-17.0.10.7-hotspot\bin\nio.dll
Event: 0.136 Loaded shared library C:\Users\ASUS\AppData\Local\Programs\Eclipse Adoptium\jdk-17.0.10.7-hotspot\bin\zip.dll
Event: 0.745 Loaded shared library C:\Users\ASUS\AppData\Local\Programs\Eclipse Adoptium\jdk-17.0.10.7-hotspot\bin\jimage.dll
Event: 1.352 Loaded shared library C:\Users\ASUS\AppData\Local\Programs\Eclipse Adoptium\jdk-17.0.10.7-hotspot\bin\extnet.dll
Event: 7.841 Loaded shared library C:\Users\ASUS\AppData\Local\Programs\Eclipse Adoptium\jdk-17.0.10.7-hotspot\bin\sunmscapi.dll

Deoptimization events (20 events):
Event: 9.658 Thread 0x000001677fde3800 Uncommon trap: trap_request=0xffffff45 fr.pc=0x00000167109e4698 relative=0x0000000000000218
Event: 9.658 Thread 0x000001677fde3800 Uncommon trap: reason=unstable_if action=reinterpret pc=0x00000167109e4698 method=java.util.HashMap.putVal(ILjava/lang/Object;Ljava/lang/Object;ZZ)Ljava/lang/Object; @ 162 c2
Event: 9.658 Thread 0x000001677fde3800 DEOPT PACKING pc=0x00000167109e4698 sp=0x00000050347fa480
Event: 9.658 Thread 0x000001677fde3800 DEOPT UNPACKING pc=0x00000167104069a3 sp=0x00000050347fa3a8 mode 2
Event: 10.752 Thread 0x00000167661ee260 Uncommon trap: trap_request=0xffffffde fr.pc=0x0000016710a02934 relative=0x0000000000000114
Event: 10.752 Thread 0x00000167661ee260 Uncommon trap: reason=class_check action=maybe_recompile pc=0x0000016710a02934 method=jdk.internal.misc.Unsafe.allocateUninitializedArray(Ljava/lang/Class;I)Ljava/lang/Object; @ 51 c2
Event: 10.752 Thread 0x00000167661ee260 DEOPT PACKING pc=0x0000016710a02934 sp=0x0000005036afa7b0
Event: 10.752 Thread 0x00000167661ee260 DEOPT UNPACKING pc=0x00000167104069a3 sp=0x0000005036afa738 mode 2
Event: 10.752 Thread 0x00000167661ee260 Uncommon trap: trap_request=0xffffffde fr.pc=0x0000016710a02934 relative=0x0000000000000114
Event: 10.752 Thread 0x00000167661ee260 Uncommon trap: reason=class_check action=maybe_recompile pc=0x0000016710a02934 method=jdk.internal.misc.Unsafe.allocateUninitializedArray(Ljava/lang/Class;I)Ljava/lang/Object; @ 51 c2
Event: 10.752 Thread 0x00000167661ee260 DEOPT PACKING pc=0x0000016710a02934 sp=0x0000005036afa7b0
Event: 10.752 Thread 0x00000167661ee260 DEOPT UNPACKING pc=0x00000167104069a3 sp=0x0000005036afa738 mode 2
Event: 10.776 Thread 0x00000167661ee260 Uncommon trap: trap_request=0xffffffde fr.pc=0x0000016710a02934 relative=0x0000000000000114
Event: 10.776 Thread 0x00000167661ee260 Uncommon trap: reason=class_check action=maybe_recompile pc=0x0000016710a02934 method=jdk.internal.misc.Unsafe.allocateUninitializedArray(Ljava/lang/Class;I)Ljava/lang/Object; @ 51 c2
Event: 10.776 Thread 0x00000167661ee260 DEOPT PACKING pc=0x0000016710a02934 sp=0x0000005036afddd0
Event: 10.776 Thread 0x00000167661ee260 DEOPT UNPACKING pc=0x00000167104069a3 sp=0x0000005036afdd58 mode 2
Event: 10.776 Thread 0x00000167661ee260 Uncommon trap: trap_request=0xffffffde fr.pc=0x0000016710a02934 relative=0x0000000000000114
Event: 10.776 Thread 0x00000167661ee260 Uncommon trap: reason=class_check action=maybe_recompile pc=0x0000016710a02934 method=jdk.internal.misc.Unsafe.allocateUninitializedArray(Ljava/lang/Class;I)Ljava/lang/Object; @ 51 c2
Event: 10.776 Thread 0x00000167661ee260 DEOPT PACKING pc=0x0000016710a02934 sp=0x0000005036afde70
Event: 10.776 Thread 0x00000167661ee260 DEOPT UNPACKING pc=0x00000167104069a3 sp=0x0000005036afddf8 mode 2

Classes unloaded (0 events):
No events

Classes redefined (0 events):
No events

Internal exceptions (20 events):
Event: 8.461 Thread 0x000001677fde3800 Exception <a 'java/lang/NoSuchMethodError'{0x000000008c3274c8}: 'int java.lang.invoke.DirectMethodHandle$Holder.invokeStaticInit(java.lang.Object, java.lang.Object, java.lang.Object, java.lang.Object)'> (0x000000008c3274c8) 
thrown [s\src\hotspot\share\interpreter\linkResolver.cpp, line 759]
Event: 8.464 Thread 0x000001677fde3800 Exception <a 'java/lang/NoSuchMethodError'{0x000000008c333008}: 'void java.lang.invoke.DirectMethodHandle$Holder.invokeStaticInit(java.lang.Object, java.lang.Object)'> (0x000000008c333008) 
thrown [s\src\hotspot\share\interpreter\linkResolver.cpp, line 759]
Event: 10.205 Thread 0x000001677fde3800 Exception <a 'java/lang/NoSuchMethodError'{0x000000008bc69d30}: 'java.lang.Object java.lang.invoke.DirectMethodHandle$Holder.invokeInterface(java.lang.Object, java.lang.Object, java.lang.Object)'> (0x000000008bc69d30) 
thrown [s\src\hotspot\share\interpreter\linkResolver.cpp, line 759]
Event: 10.205 Thread 0x000001677fde3800 Exception <a 'java/lang/IncompatibleClassChangeError'{0x000000008bc6d6b8}: Found class java.lang.Object, but interface was expected> (0x000000008bc6d6b8) 
thrown [s\src\hotspot\share\interpreter\linkResolver.cpp, line 826]
Event: 10.220 Thread 0x000001677fde3800 Exception <a 'java/lang/NoSuchMethodError'{0x000000008bc75b60}: 'int java.lang.invoke.DirectMethodHandle$Holder.invokeSpecialIFC(java.lang.Object, java.lang.Object, java.lang.Object, java.lang.Object)'> (0x000000008bc75b60) 
thrown [s\src\hotspot\share\interpreter\linkResolver.cpp, line 759]
Event: 10.227 Thread 0x000001677fde3800 Exception <a 'java/lang/NoSuchMethodError'{0x000000008bc9c1a0}: 'java.lang.Object java.lang.invoke.DirectMethodHandle$Holder.invokeVirtual(java.lang.Object, java.lang.Object, java.lang.Object, java.lang.Object)'> (0x000000008bc9c1a0) 
thrown [s\src\hotspot\share\interpreter\linkResolver.cpp, line 759]
Event: 10.445 Thread 0x000001671f5bba60 Exception <a 'java/net/ConnectException'{0x000000008bb3bc18}: Connection refused: no further information> (0x000000008bb3bc18) 
thrown [s\src\hotspot\share\prims\jni.cpp, line 535]
Event: 10.445 Thread 0x000001671f5bba60 Exception <a 'java/net/SocketException'{0x000000008bb3bf50}: Socket is not connected: shutdown> (0x000000008bb3bf50) 
thrown [s\src\hotspot\share\prims\jni.cpp, line 535]
Event: 10.458 Thread 0x000001671f5bba60 Exception <a 'java/net/ConnectException'{0x000000008bb3cf48}: Connection refused: no further information> (0x000000008bb3cf48) 
thrown [s\src\hotspot\share\prims\jni.cpp, line 535]
Event: 10.458 Thread 0x000001671f5bba60 Exception <a 'java/net/SocketException'{0x000000008bb3d280}: Socket is not connected: shutdown> (0x000000008bb3d280) 
thrown [s\src\hotspot\share\prims\jni.cpp, line 535]
Event: 10.538 Thread 0x000001677fde3800 Exception <a 'java/lang/NoSuchMethodError'{0x000000008bba91b0}: 'void java.lang.invoke.DirectMethodHandle$Holder.invokeStatic(java.lang.Object, java.lang.Object, java.lang.Object)'> (0x000000008bba91b0) 
thrown [s\src\hotspot\share\interpreter\linkResolver.cpp, line 759]
Event: 10.592 Thread 0x000001677fde3800 Exception <a 'java/lang/NoSuchMethodError'{0x000000008ba30180}: 'java.lang.Object java.lang.invoke.DirectMethodHandle$Holder.newInvokeSpecial(java.lang.Object, java.lang.Object, int, int)'> (0x000000008ba30180) 
thrown [s\src\hotspot\share\interpreter\linkResolver.cpp, line 759]
Event: 10.593 Thread 0x000001677fde3800 Exception <a 'java/lang/NoSuchMethodError'{0x000000008ba3af10}: 'void java.lang.invoke.DirectMethodHandle$Holder.invokeStatic(java.lang.Object, java.lang.Object, int)'> (0x000000008ba3af10) 
thrown [s\src\hotspot\share\interpreter\linkResolver.cpp, line 759]
Event: 10.841 Thread 0x00000167661ee260 Exception <a 'java/lang/NoSuchMethodError'{0x000000008b9ba0e0}: 'java.lang.Object java.lang.invoke.DirectMethodHandle$Holder.invokeSpecial(java.lang.Object, java.lang.Object, java.lang.Object, java.lang.Object, int)'> (0x000000008b9ba0e0) 
thrown [s\src\hotspot\share\interpreter\linkResolver.cpp, line 759]
Event: 10.841 Thread 0x00000167661ee260 Exception <a 'java/lang/NoSuchMethodError'{0x000000008b9bdca8}: 'java.lang.Object java.lang.invoke.Invokers$Holder.linkToTargetMethod(java.lang.Object, java.lang.Object, int, java.lang.Object)'> (0x000000008b9bdca8) 
thrown [s\src\hotspot\share\interpreter\linkResolver.cpp, line 759]
Event: 11.040 Thread 0x00000167661ee260 Exception <a 'java/lang/NoSuchMethodError'{0x000000008b80f860}: 'void java.lang.invoke.DirectMethodHandle$Holder.invokeSpecial(java.lang.Object, java.lang.Object, java.lang.Object, java.lang.Object, java.lang.Object)'> (0x000000008b80f860) 
thrown [s\src\hotspot\share\interpreter\linkResolver.cpp, line 759]
Event: 11.123 Thread 0x00000167661eb4d0 Exception <a 'java/lang/NoSuchMethodError'{0x000000008b86cc20}: 'int java.lang.invoke.DirectMethodHandle$Holder.invokeSpecialIFC(java.lang.Object, java.lang.Object, java.lang.Object, java.lang.Object, java.lang.Object)'> (0x000000008b86cc20) 
thrown [s\src\hotspot\share\interpreter\linkResolver.cpp, line 759]
Event: 15.323 Thread 0x00000167661eaab0 Exception <a 'java/lang/NoSuchMethodError'{0x000000008b8ec040}: 'java.lang.Object java.lang.invoke.DirectMethodHandle$Holder.newInvokeSpecial(java.lang.Object, java.lang.Object, long, java.lang.Object, java.lang.Object, java.lang.Object)'> (0x000000008b8ec040) 
thrown [s\src\hotspot\share\interpreter\linkResolver.cpp, line 759]
Event: 15.333 Thread 0x00000167661eaab0 Exception <a 'java/lang/NoSuchMethodError'{0x000000008b7045e0}: 'void java.lang.invoke.DirectMethodHandle$Holder.invokeSpecial(java.lang.Object, java.lang.Object, java.lang.Object, java.lang.Object, java.lang.Object, java.lang.Object, java.lang.Object)'> (0x000000008b7045e0) 
thrown [s\src\hotspot\share\interpreter\linkResolver.cpp, line 759]
Event: 15.571 Thread 0x000001677fde3800 Exception <a 'java/lang/NoSuchMethodError'{0x000000008bae5970}: 'java.lang.Object java.lang.invoke.DirectMethodHandle$Holder.invokeSpecialIFC(java.lang.Object, java.lang.Object, java.lang.Object)'> (0x000000008bae5970) 
thrown [s\src\hotspot\share\interpreter\linkResolver.cpp, line 759]

VM Operations (20 events):
Event: 9.258 Executing VM operation: HandshakeAllThreads
Event: 9.258 Executing VM operation: HandshakeAllThreads done
Event: 9.258 Executing VM operation: Cleanup
Event: 9.258 Executing VM operation: Cleanup done
Event: 10.269 Executing VM operation: Cleanup
Event: 10.364 Executing VM operation: Cleanup done
Event: 10.501 Executing VM operation: HandshakeAllThreads
Event: 10.501 Executing VM operation: HandshakeAllThreads done
Event: 10.522 Executing VM operation: HandshakeAllThreads
Event: 10.522 Executing VM operation: HandshakeAllThreads done
Event: 11.522 Executing VM operation: Cleanup
Event: 11.523 Executing VM operation: Cleanup done
Event: 15.245 Executing VM operation: HandshakeAllThreads
Event: 15.245 Executing VM operation: HandshakeAllThreads done
Event: 15.245 Executing VM operation: Cleanup
Event: 15.245 Executing VM operation: Cleanup done
Event: 16.253 Executing VM operation: Cleanup
Event: 16.254 Executing VM operation: Cleanup done
Event: 17.268 Executing VM operation: Cleanup
Event: 17.268 Executing VM operation: Cleanup done

Events (20 events):
Event: 15.305 loading class java/util/stream/LongStream
Event: 15.311 loading class java/util/stream/LongStream done
Event: 15.311 loading class java/util/stream/LongPipeline done
Event: 15.311 loading class java/util/stream/LongPipeline$StatelessOp done
Event: 15.311 loading class java/util/stream/ReferencePipeline$5 done
Event: 15.312 loading class java/util/stream/FindOps$FindSink$OfLong
Event: 15.313 loading class java/util/stream/Sink$OfLong
Event: 15.314 loading class java/util/stream/Sink$OfLong done
Event: 15.314 loading class java/util/stream/FindOps$FindSink$OfLong done
Event: 15.314 loading class java/util/OptionalLong
Event: 15.316 loading class java/util/OptionalLong done
Event: 15.318 loading class java/util/stream/ReferencePipeline$5$1
Event: 15.318 loading class java/util/stream/ReferencePipeline$5$1 done
Event: 15.336 loading class java/util/concurrent/CompletableFuture$MinimalStage
Event: 15.337 loading class java/util/concurrent/CompletableFuture$MinimalStage done
Event: 15.450 loading class java/util/DualPivotQuicksort
Event: 15.466 loading class java/util/DualPivotQuicksort done
Event: 15.524 Thread 0x000001671f5bc990 Thread exited: 0x000001671f5bc990
Event: 15.534 loading class java/lang/StrictMath
Event: 15.542 loading class java/lang/StrictMath done


Dynamic libraries:
0x00007ff73fcd0000 - 0x00007ff73fcde000 	C:\Users\ASUS\AppData\Local\Programs\Eclipse Adoptium\jdk-17.0.10.7-hotspot\bin\javaw.exe
0x00007ffaba880000 - 0x00007ffabaae6000 	C:\WINDOWS\SYSTEM32\ntdll.dll
0x00007ffab8f30000 - 0x00007ffab8ff9000 	C:\WINDOWS\System32\KERNEL32.DLL
0x00007ffab7c80000 - 0x00007ffab807e000 	C:\WINDOWS\System32\KERNELBASE.dll
0x00007ffab8390000 - 0x00007ffab84dc000 	C:\WINDOWS\System32\ucrtbase.dll
0x00007ffaa48d0000 - 0x00007ffaa48e7000 	C:\Users\ASUS\AppData\Local\Programs\Eclipse Adoptium\jdk-17.0.10.7-hotspot\bin\jli.dll
0x00007ffab9140000 - 0x00007ffab9307000 	C:\WINDOWS\System32\USER32.dll
0x00007ffa90cf0000 - 0x00007ffa90d0b000 	C:\Users\ASUS\AppData\Local\Programs\Eclipse Adoptium\jdk-17.0.10.7-hotspot\bin\VCRUNTIME140.dll
0x00007ffab81e0000 - 0x00007ffab8207000 	C:\WINDOWS\System32\win32u.dll
0x00007ffab8ec0000 - 0x00007ffab8eeb000 	C:\WINDOWS\System32\GDI32.dll
0x00007ffab7b50000 - 0x00007ffab7c7a000 	C:\WINDOWS\System32\gdi32full.dll
0x00007ffab7aa0000 - 0x00007ffab7b43000 	C:\WINDOWS\System32\msvcp_win.dll
0x00007ffa9fb20000 - 0x00007ffa9fdb2000 	C:\WINDOWS\WinSxS\amd64_microsoft.windows.common-controls_6595b64144ccf1df_6.0.26100.8875_none_3e0d5d42e32fe9dd\COMCTL32.dll
0x00007ffab9000000 - 0x00007ffab90a9000 	C:\WINDOWS\System32\msvcrt.dll
0x00007ffab8ef0000 - 0x00007ffab8f22000 	C:\WINDOWS\System32\IMM32.DLL
0x00007ffaa48b0000 - 0x00007ffaa48bc000 	C:\Users\ASUS\AppData\Local\Programs\Eclipse Adoptium\jdk-17.0.10.7-hotspot\bin\vcruntime140_1.dll
0x00007ffa418b0000 - 0x00007ffa4193d000 	C:\Users\ASUS\AppData\Local\Programs\Eclipse Adoptium\jdk-17.0.10.7-hotspot\bin\msvcp140.dll
0x00007ff9ecf20000 - 0x00007ff9edb82000 	C:\Users\ASUS\AppData\Local\Programs\Eclipse Adoptium\jdk-17.0.10.7-hotspot\bin\server\jvm.dll
0x00007ffab9510000 - 0x00007ffab95c7000 	C:\WINDOWS\System32\ADVAPI32.dll
0x00007ffab8e10000 - 0x00007ffab8eba000 	C:\WINDOWS\System32\sechost.dll
0x00007ffaba2d0000 - 0x00007ffaba3e8000 	C:\WINDOWS\System32\RPCRT4.dll
0x00007ffa9df40000 - 0x00007ffa9df4b000 	C:\WINDOWS\SYSTEM32\VERSION.dll
0x00007ffaab000000 - 0x00007ffaab036000 	C:\WINDOWS\SYSTEM32\WINMM.dll
0x00007ffab7920000 - 0x00007ffab797e000 	C:\WINDOWS\SYSTEM32\POWRPROF.dll
0x00007ffaafd50000 - 0x00007ffaafd5a000 	C:\WINDOWS\SYSTEM32\WSOCK32.dll
0x00007ffaba3f0000 - 0x00007ffaba470000 	C:\WINDOWS\System32\WS2_32.dll
0x00007ffab7900000 - 0x00007ffab7914000 	C:\WINDOWS\SYSTEM32\UMPDC.dll
0x00007ffab6740000 - 0x00007ffab675b000 	C:\WINDOWS\SYSTEM32\kernel.appcore.dll
0x00007ffa8b300000 - 0x00007ffa8b30a000 	C:\Users\ASUS\AppData\Local\Programs\Eclipse Adoptium\jdk-17.0.10.7-hotspot\bin\jimage.dll
0x00007ffab51b0000 - 0x00007ffab53f2000 	C:\WINDOWS\SYSTEM32\DBGHELP.DLL
0x00007ffaba480000 - 0x00007ffaba803000 	C:\WINDOWS\System32\combase.dll
0x00007ffab8d30000 - 0x00007ffab8e09000 	C:\WINDOWS\System32\OLEAUT32.dll
0x00007ffa98110000 - 0x00007ffa9814b000 	C:\WINDOWS\SYSTEM32\dbgcore.DLL
0x00007ffab84f0000 - 0x00007ffab859c000 	C:\WINDOWS\System32\bcryptPrimitives.dll
0x00007ffa8b2d0000 - 0x00007ffa8b2f5000 	C:\Users\ASUS\AppData\Local\Programs\Eclipse Adoptium\jdk-17.0.10.7-hotspot\bin\java.dll
0x00007ffa417d0000 - 0x00007ffa418a7000 	C:\Users\ASUS\AppData\Local\Programs\Eclipse Adoptium\jdk-17.0.10.7-hotspot\bin\jsvml.dll
0x00007ffab95d0000 - 0x00007ffab9d62000 	C:\WINDOWS\System32\SHELL32.dll
0x00007ffab5400000 - 0x00007ffab5c92000 	C:\WINDOWS\SYSTEM32\windows.storage.dll
0x00007ffab9380000 - 0x00007ffab9477000 	C:\WINDOWS\System32\SHCORE.dll
0x00007ffab90d0000 - 0x00007ffab9137000 	C:\WINDOWS\System32\shlwapi.dll
0x00007ffab79c0000 - 0x00007ffab79e9000 	C:\WINDOWS\SYSTEM32\profapi.dll
0x00007ffa63af0000 - 0x00007ffa63b09000 	C:\Users\ASUS\AppData\Local\Programs\Eclipse Adoptium\jdk-17.0.10.7-hotspot\bin\net.dll
0x00007ffaaeb30000 - 0x00007ffaaec57000 	C:\WINDOWS\SYSTEM32\WINHTTP.dll
0x00007ffab6cf0000 - 0x00007ffab6d5c000 	C:\WINDOWS\system32\mswsock.dll
0x00007ffa49680000 - 0x00007ffa49696000 	C:\Users\ASUS\AppData\Local\Programs\Eclipse Adoptium\jdk-17.0.10.7-hotspot\bin\nio.dll
0x00007ffa417b0000 - 0x00007ffa417c8000 	C:\Users\ASUS\AppData\Local\Programs\Eclipse Adoptium\jdk-17.0.10.7-hotspot\bin\zip.dll
0x00007ffab6110000 - 0x00007ffab6266000 	C:\WINDOWS\SYSTEM32\DNSAPI.dll
0x00007ffab6a80000 - 0x00007ffab6a8d000 	C:\WINDOWS\SYSTEM32\DSPARSE.dll
0x00007ffab60d0000 - 0x00007ffab6103000 	C:\WINDOWS\SYSTEM32\IPHLPAPI.DLL
0x00007ffaba2c0000 - 0x00007ffaba2ca000 	C:\WINDOWS\System32\NSI.dll
0x00007ffaaae50000 - 0x00007ffaaae5b000 	C:\Windows\System32\rasadhlp.dll
0x00007ffaaef30000 - 0x00007ffaaefb6000 	C:\WINDOWS\System32\fwpuclnt.dll
0x00007ffa639e0000 - 0x00007ffa639e9000 	C:\Users\ASUS\AppData\Local\Programs\Eclipse Adoptium\jdk-17.0.10.7-hotspot\bin\extnet.dll
0x00007ffab7010000 - 0x00007ffab702b000 	C:\WINDOWS\SYSTEM32\CRYPTSP.dll
0x00007ffab66a0000 - 0x00007ffab66d9000 	C:\WINDOWS\system32\rsaenh.dll
0x00007ffab6db0000 - 0x00007ffab6de2000 	C:\WINDOWS\SYSTEM32\USERENV.dll
0x00007ffab7990000 - 0x00007ffab79ba000 	C:\WINDOWS\SYSTEM32\bcrypt.dll
0x00007ffab6ff0000 - 0x00007ffab6ffc000 	C:\WINDOWS\SYSTEM32\CRYPTBASE.dll
0x00007ffaaede0000 - 0x00007ffaaedfd000 	C:\WINDOWS\SYSTEM32\dhcpcsvc6.DLL
0x00007ffaaed10000 - 0x00007ffaaed35000 	C:\WINDOWS\SYSTEM32\dhcpcsvc.DLL
0x00007ffa5ef20000 - 0x00007ffa5ef2e000 	C:\Users\ASUS\AppData\Local\Programs\Eclipse Adoptium\jdk-17.0.10.7-hotspot\bin\sunmscapi.dll
0x00007ffab8210000 - 0x00007ffab8388000 	C:\WINDOWS\System32\CRYPT32.dll
0x00007ffab7270000 - 0x00007ffab72a0000 	C:\WINDOWS\SYSTEM32\ncrypt.dll
0x00007ffab7220000 - 0x00007ffab725f000 	C:\WINDOWS\SYSTEM32\NTASN1.dll
0x00007ffa90660000 - 0x00007ffa90668000 	C:\WINDOWS\system32\wshunix.dll

dbghelp: loaded successfully - version: 4.0.5 - missing functions: none
symbol engine: initialized successfully - sym options: 0x614 - pdb path: .;C:\Users\ASUS\AppData\Local\Programs\Eclipse Adoptium\jdk-17.0.10.7-hotspot\bin;C:\WINDOWS\SYSTEM32;C:\WINDOWS\WinSxS\amd64_microsoft.windows.common-controls_6595b64144ccf1df_6.0.26100.8875_none_3e0d5d42e32fe9dd;C:\Users\ASUS\AppData\Local\Programs\Eclipse Adoptium\jdk-17.0.10.7-hotspot\bin\server

VM Arguments:
jvm_args: -ea -Dfile.encoding=UTF-8 -Dstdout.encoding=UTF-8 -Dstderr.encoding=UTF-8 -XX:+ShowCodeDetailsInExceptionMessages 
java_command: org.testng.remote.RemoteTestNG -serport 49291 -protocol json -d C:\Users\ASUS\eclipse-workspace\SeeniumWebDriver-MultipleFrame\test-output C:\Users\ASUS\AppData\Local\Temp\testng-eclipse-2020349559\testng-customsuite.xml
java_class_path (initial): C:\Users\ASUS\eclipse\jee-2026-06\eclipse\configuration\org.eclipse.osgi\1021\0\.cp\lib\testng-remote.jar;C:\Users\ASUS\eclipse-workspace\SeeniumWebDriver-MultipleFrame\target\test-classes;C:\Users\ASUS\eclipse-workspace\SeeniumWebDriver-MultipleFrame\target\classes;C:\Users\ASUS\.m2\repository\org\seleniumhq\selenium\selenium-java\4.45.0\selenium-java-4.45.0.jar;C:\Users\ASUS\.m2\repository\org\seleniumhq\selenium\selenium-api\4.45.0\selenium-api-4.45.0.jar;C:\Users\ASUS\.m2\repository\org\jspecify\jspecify\1.0.0\jspecify-1.0.0.jar;C:\Users\ASUS\.m2\repository\org\seleniumhq\selenium\selenium-chrome-driver\4.45.0\selenium-chrome-driver-4.45.0.jar;C:\Users\ASUS\.m2\repository\com\google\auto\service\auto-service-annotations\1.1.1\auto-service-annotations-1.1.1.jar;C:\Users\ASUS\.m2\repository\org\seleniumhq\selenium\selenium-chromium-driver\4.45.0\selenium-chromium-driver-4.45.0.jar;C:\Users\ASUS\.m2\repository\org\seleniumhq\selenium\selenium-json\4.45.0\selenium-json-4.45.0.jar;C:\Users\ASUS\.m2\repository\org\seleniumhq\selenium\selenium-manager\4.45.0\selenium-manager-4.45.0.jar;C:\Users\ASUS\.m2\repository\org\seleniumhq\selenium\selenium-devtools-latest\4.45.0\selenium-devtools-latest-4.45.0.jar;C:\Users\ASUS\.m2\repository\org\seleniumhq\selenium\selenium-devtools-v147\4.45.0\selenium-devtools-v147-4.45.0.jar;C:\Users\ASUS\.m2\repository\org\seleniumhq\selenium\selenium-devtools-v148\4.45.0\selenium-devtools-v148-4.45.0.jar;C:\Users\ASUS\.m2\repository\org\seleniumhq\selenium\selenium-devtools-v149\4.45.0\selenium-devtools-v149-4.45.0.jar;C:\Users\ASUS\.m2\repository\org\seleniumhq\selenium\selenium-edge-driver\4.45.0\selenium-edge-driver-4.45.0.jar;C:\Users\ASUS\.m2\repository\org\seleniumhq\selenium\selenium-firefox-driver\4.45.0\selenium-firefox-driver-4.45.0.jar;C:\Users\ASUS\.m2\repository\org\seleniumhq\selenium\selenium-http\4.45.0\selenium-http-4.45.0.jar;C:\Users\ASUS\.m2\repository\org\seleniumhq\selenium\selenium-ie-dri
Launcher Type: SUN_STANDARD

[Global flags]
     intx CICompilerCount                          = 4                                         {product} {ergonomic}
     uint ConcGCThreads                            = 2                                         {product} {ergonomic}
     uint G1ConcRefinementThreads                  = 8                                         {product} {ergonomic}
   size_t G1HeapRegionSize                         = 1048576                                   {product} {ergonomic}
    uintx GCDrainStackTargetSize                   = 64                                        {product} {ergonomic}
   size_t InitialHeapSize                          = 130023424                                 {product} {ergonomic}
   size_t MarkStackSize                            = 4194304                                   {product} {ergonomic}
   size_t MaxHeapSize                              = 2067791872                                {product} {ergonomic}
   size_t MaxNewSize                               = 1240465408                                {product} {ergonomic}
   size_t MinHeapDeltaBytes                        = 1048576                                   {product} {ergonomic}
   size_t MinHeapSize                              = 8388608                                   {product} {ergonomic}
    uintx NonNMethodCodeHeapSize                   = 5839372                                {pd product} {ergonomic}
    uintx NonProfiledCodeHeapSize                  = 122909434                              {pd product} {ergonomic}
    uintx ProfiledCodeHeapSize                     = 122909434                              {pd product} {ergonomic}
    uintx ReservedCodeCacheSize                    = 251658240                              {pd product} {ergonomic}
     bool SegmentedCodeCache                       = true                                      {product} {ergonomic}
     bool ShowCodeDetailsInExceptionMessages       = true                                   {manageable} {command line}
   size_t SoftMaxHeapSize                          = 2067791872                             {manageable} {ergonomic}
     bool UseCompressedClassPointers               = true                           {product lp64_product} {ergonomic}
     bool UseCompressedOops                        = true                           {product lp64_product} {ergonomic}
     bool UseG1GC                                  = true                                      {product} {ergonomic}
     bool UseLargePagesIndividualAllocation        = false                                  {pd product} {ergonomic}

Logging:
Log output configuration:
 #0: stdout all=warning uptime,level,tags
 #1: stderr all=off uptime,level,tags

Environment Variables:
JAVA_HOME=C:\Users\ASUS\AppData\Local\Programs\Eclipse Adoptium\jdk-17.0.10.7-hotspot\
PATH=C:/Users/ASUS/.p2/pool/plugins/org.eclipse.justj.openjdk.hotspot.jre.full.win32.x86_64_21.0.11.v20260515-1531/jre/bin/server;C:/Users/ASUS/.p2/pool/plugins/org.eclipse.justj.openjdk.hotspot.jre.full.win32.x86_64_21.0.11.v20260515-1531/jre/bin;C:\Program Files\Common Files\Oracle\Java\javapath;C:\WINDOWS\system32;C:\WINDOWS;C:\WINDOWS\System32\Wbem;C:\WINDOWS\System32\WindowsPowerShell\v1.0\;C:\WINDOWS\System32\OpenSSH\;C:\MinGW\bin;C:\Program Files\nodejs\;C:\Program Files\cursor\resources\app\bin;D:\maven\apache-maven-3.9.14-bin\apache-maven-3.9.14\bin;C:\Program Files\Git\cmd;C:\Program Files\Git\bin;D:\gradle-9.5.1\bin;C:\Users\ASUS\AppData\Local\Programs\Python\Python315\Scripts\;C:\Users\ASUS\AppData\Local\Programs\Python\Python315\;C:\Users\ASUS\AppData\Local\Programs\Eclipse Adoptium\jdk-17.0.10.7-hotspot\bin;C:\Users\ASUS\AppData\Local\Microsoft\WindowsApps;C:\Users\ASUS\AppData\Local\Programs\Microsoft VS Code\bin;C:\Program Files\JetBrains\IntelliJ IDEA Community Edition 2024.2.1\bin;;C:\Users\ASUS\AppData\Local\Programs\cursor\resources\app\bin;C:\Users\ASUS\AppData\Roaming\npm;C:\Users\ASUS\AppData\Local\Programs\Antigravity\bin;D:\maven\apache-maven-3.9.14-bin\apache-maven-3.9.14\bin;C:\Program Files\Git\bin;;C:\Users\ASUS\OneDrive\Desktop;
USERNAME=ASUS
OS=Windows_NT
PROCESSOR_IDENTIFIER=Intel64 Family 6 Model 154 Stepping 4, GenuineIntel
TMP=C:\Users\ASUS\AppData\Local\Temp
TEMP=C:\Users\ASUS\AppData\Local\Temp



Periodic native trim disabled


---------------  S Y S T E M  ---------------

OS:
 Windows 11 , 64 bit Build 26100 (10.0.26100.8875)
OS uptime: 1 days 16:10 hours
Hyper-V role detected

CPU: total 8 (initial active 8) (4 cores per cpu, 2 threads per core) family 6 model 154 stepping 4 microcode 0x41e, cx8, cmov, fxsr, ht, mmx, 3dnowpref, sse, sse2, sse3, ssse3, sse4.1, sse4.2, popcnt, lzcnt, tsc, tscinvbit, avx, avx2, aes, erms, clmul, bmi1, bmi2, adx, sha, fma, vzeroupper, clflush, clflushopt, clwb, hv
Processor Information for processor 0
  Max Mhz: 1200, Current Mhz: 1200, Mhz Limit: 1200
Processor Information for processor 1
  Max Mhz: 1200, Current Mhz: 1200, Mhz Limit: 1200
Processor Information for processor 2
  Max Mhz: 1200, Current Mhz: 1200, Mhz Limit: 1200
Processor Information for processor 3
  Max Mhz: 1200, Current Mhz: 1200, Mhz Limit: 1200
Processor Information for processor 4
  Max Mhz: 1200, Current Mhz: 900, Mhz Limit: 900
Processor Information for processor 5
  Max Mhz: 1200, Current Mhz: 900, Mhz Limit: 900
Processor Information for processor 6
  Max Mhz: 1200, Current Mhz: 900, Mhz Limit: 900
Processor Information for processor 7
  Max Mhz: 1200, Current Mhz: 900, Mhz Limit: 900

Memory: 4k page, system-wide physical 7886M (83M free)
TotalPageFile size 25386M (AvailPageFile size 0M)
current process WorkingSet (physical memory assigned to process): 100M, peak: 111M
current process commit charge ("private bytes"): 237M, peak: 248M

vm_info: OpenJDK 64-Bit Server VM (17.0.10+7) for windows-amd64 JRE (17.0.10+7), built on Jan 16 2024 23:25:11 by "admin" with MS VC++ 16.10 / 16.11 (VS2019)

END.
