#
# There is insufficient memory for the Java Runtime Environment to continue.
# Native memory allocation (mmap) failed to map 130023424 bytes for G1 virtual space
# Possible reasons:
#   The system is out of physical RAM or swap space
#   The process is running with CompressedOops enabled, and the Java Heap may be blocking the growth of the native heap
# Possible solutions:
#   Reduce memory load on the system
#   Increase physical memory or swap space
#   Check if swap backing store is full
#   Decrease Java heap size (-Xmx/-Xms)
#   Decrease number of Java threads
#   Decrease Java thread stack sizes (-Xss)
#   Set larger code cache with -XX:ReservedCodeCacheSize=
#   JVM is running with Unscaled Compressed Oops mode in which the Java heap is
#     placed in the first 4GB address space. The Java Heap base address is the
#     maximum limit for the native heap growth. Please use -XX:HeapBaseMinAddress
#     to set the Java Heap base and to place the Java Heap above 4GB virtual address.
# This output file may be truncated or incomplete.
#
#  Out of Memory Error (os_windows.cpp:3613), pid=22512, tid=31796
#
# JRE version:  (17.0.10+7) (build )
# Java VM: OpenJDK 64-Bit Server VM (17.0.10+7, mixed mode, sharing, tiered, compressed oops, compressed class ptrs, g1 gc, windows-amd64)
# No core dump will be written. Minidumps are not enabled by default on client versions of Windows
#

---------------  S U M M A R Y ------------

Command Line: -ea -Dfile.encoding=UTF-8 -Dstdout.encoding=UTF-8 -Dstderr.encoding=UTF-8 -XX:+ShowCodeDetailsInExceptionMessages org.testng.remote.RemoteTestNG -serport 51008 -protocol json -d C:\Users\ASUS\eclipse-workspace\SeeniumWebDriver-MultipleFrame\test-output C:\Users\ASUS\AppData\Local\Temp\testng-eclipse-2116761190\testng-customsuite.xml

Host: 12th Gen Intel(R) Core(TM) i3-1215U, 8 cores, 7G,  Windows 11 , 64 bit Build 26100 (10.0.26100.8875)
Time: Fri Jul 17 14:00:08 2026 India Standard Time elapsed time: 1.256305 seconds (0d 0h 0m 1s)

---------------  T H R E A D  ---------------

Current thread (0x00000269a0ff1510):  JavaThread "Unknown thread" [_thread_in_vm, id=31796, stack(0x000000f24d800000,0x000000f24d900000)]

Stack: [0x000000f24d800000,0x000000f24d900000]
Native frames: (J=compiled Java code, j=interpreted, Vv=VM code, C=native code)
V  [jvm.dll+0x67d2c9]
V  [jvm.dll+0x834afa]
V  [jvm.dll+0x8365be]
V  [jvm.dll+0x836c23]
V  [jvm.dll+0x2477ff]
V  [jvm.dll+0x67a109]
V  [jvm.dll+0x66eb7a]
V  [jvm.dll+0x30764b]
V  [jvm.dll+0x30eaf6]
V  [jvm.dll+0x35e83e]
V  [jvm.dll+0x35ea6f]
V  [jvm.dll+0x2de248]
V  [jvm.dll+0x2df1b4]
V  [jvm.dll+0x806361]
V  [jvm.dll+0x36c6f1]
V  [jvm.dll+0x7e4e06]
V  [jvm.dll+0x3eff3f]
V  [jvm.dll+0x3f1b71]
C  [jli.dll+0x528f]
C  [ucrtbase.dll+0x2cd30]
C  [KERNEL32.DLL+0x2e957]
C  [ntdll.dll+0xaad6c]


---------------  P R O C E S S  ---------------

Threads class SMR info:
_java_thread_list=0x00007ff9ecdfee98, length=0, elements={
}

Java Threads: ( => current thread )

Other Threads:
  0x00000269a104d710 GCTaskThread "GC Thread#0" [stack: 0x000000f24d900000,0x000000f24da00000] [id=37368]
  0x00000269a105e7c0 ConcurrentGCThread "G1 Main Marker" [stack: 0x000000f24da00000,0x000000f24db00000] [id=36676]
  0x00000269a10607a0 ConcurrentGCThread "G1 Conc#0" [stack: 0x000000f24db00000,0x000000f24dc00000] [id=30212]

[error occurred during error reporting (printing all threads), id 0xc0000005, EXCEPTION_ACCESS_VIOLATION (0xc0000005) at pc=0x00007ff9ec5bec87]

VM state: not at safepoint (not fully initialized)

VM Mutex/Monitor currently owned by a thread:  ([mutex/lock_event])
[0x00000269a0fec010] Heap_lock - owner thread: 0x00000269a0ff1510

Heap address: 0x0000000084c00000, size: 1972 MB, Compressed Oops mode: 32-bit

CDS archive(s) mapped at: [0x0000000000000000-0x0000000000000000-0x0000000000000000), size 0, SharedBaseAddress: 0x0000000800000000, ArchiveRelocationMode: 1.
Narrow klass base: 0x0000000000000000, Narrow klass shift: 0, Narrow klass range: 0x0

GC Precious Log:
<Empty>

Heap:
 garbage-first heap   total 0K, used 0K [0x0000000084c00000, 0x0000000100000000)
  region size 1024K, 0 young (0K), 0 survivors (0K)

[error occurred during error reporting (printing heap information), id 0xc0000005, EXCEPTION_ACCESS_VIOLATION (0xc0000005) at pc=0x00007ff9ec9a6fb9]

GC Heap History (0 events):
No events

Dll operation events (1 events):
Event: 0.021 Loaded shared library C:\Users\ASUS\AppData\Local\Programs\Eclipse Adoptium\jdk-17.0.10.7-hotspot\bin\java.dll

Deoptimization events (0 events):
No events

Classes unloaded (0 events):
No events

Classes redefined (0 events):
No events

Internal exceptions (0 events):
No events

VM Operations (0 events):
No events

Events (0 events):
No events


Dynamic libraries:
0x00007ff691480000 - 0x00007ff69148e000 	C:\Users\ASUS\AppData\Local\Programs\Eclipse Adoptium\jdk-17.0.10.7-hotspot\bin\javaw.exe
0x00007ffaba880000 - 0x00007ffabaae6000 	C:\WINDOWS\SYSTEM32\ntdll.dll
0x00007ffab8f30000 - 0x00007ffab8ff9000 	C:\WINDOWS\System32\KERNEL32.DLL
0x00007ffab7c80000 - 0x00007ffab807e000 	C:\WINDOWS\System32\KERNELBASE.dll
0x00007ffab8390000 - 0x00007ffab84dc000 	C:\WINDOWS\System32\ucrtbase.dll
0x00007ffa41630000 - 0x00007ffa41647000 	C:\Users\ASUS\AppData\Local\Programs\Eclipse Adoptium\jdk-17.0.10.7-hotspot\bin\jli.dll
0x00007ffab9140000 - 0x00007ffab9307000 	C:\WINDOWS\System32\USER32.dll
0x00007ffab81e0000 - 0x00007ffab8207000 	C:\WINDOWS\System32\win32u.dll
0x00007ffab8ec0000 - 0x00007ffab8eeb000 	C:\WINDOWS\System32\GDI32.dll
0x00007ffab7b50000 - 0x00007ffab7c7a000 	C:\WINDOWS\System32\gdi32full.dll
0x00007ffab7aa0000 - 0x00007ffab7b43000 	C:\WINDOWS\System32\msvcp_win.dll
0x00007ffa41610000 - 0x00007ffa4162b000 	C:\Users\ASUS\AppData\Local\Programs\Eclipse Adoptium\jdk-17.0.10.7-hotspot\bin\VCRUNTIME140.dll
0x00007ffa9fb20000 - 0x00007ffa9fdb2000 	C:\WINDOWS\WinSxS\amd64_microsoft.windows.common-controls_6595b64144ccf1df_6.0.26100.8875_none_3e0d5d42e32fe9dd\COMCTL32.dll
0x00007ffab9000000 - 0x00007ffab90a9000 	C:\WINDOWS\System32\msvcrt.dll
0x00007ffab8ef0000 - 0x00007ffab8f22000 	C:\WINDOWS\System32\IMM32.DLL
0x00007ffaafd70000 - 0x00007ffaafd7c000 	C:\Users\ASUS\AppData\Local\Programs\Eclipse Adoptium\jdk-17.0.10.7-hotspot\bin\vcruntime140_1.dll
0x00007ffa412e0000 - 0x00007ffa4136d000 	C:\Users\ASUS\AppData\Local\Programs\Eclipse Adoptium\jdk-17.0.10.7-hotspot\bin\msvcp140.dll
0x00007ff9ec2d0000 - 0x00007ff9ecf32000 	C:\Users\ASUS\AppData\Local\Programs\Eclipse Adoptium\jdk-17.0.10.7-hotspot\bin\server\jvm.dll
0x00007ffab9510000 - 0x00007ffab95c7000 	C:\WINDOWS\System32\ADVAPI32.dll
0x00007ffab8e10000 - 0x00007ffab8eba000 	C:\WINDOWS\System32\sechost.dll
0x00007ffaba2d0000 - 0x00007ffaba3e8000 	C:\WINDOWS\System32\RPCRT4.dll
0x00007ffab7920000 - 0x00007ffab797e000 	C:\WINDOWS\SYSTEM32\POWRPROF.dll
0x00007ffaab000000 - 0x00007ffaab036000 	C:\WINDOWS\SYSTEM32\WINMM.dll
0x00007ffaafd50000 - 0x00007ffaafd5a000 	C:\WINDOWS\SYSTEM32\WSOCK32.dll
0x00007ffa9df40000 - 0x00007ffa9df4b000 	C:\WINDOWS\SYSTEM32\VERSION.dll
0x00007ffaba3f0000 - 0x00007ffaba470000 	C:\WINDOWS\System32\WS2_32.dll
0x00007ffab7900000 - 0x00007ffab7914000 	C:\WINDOWS\SYSTEM32\UMPDC.dll
0x00007ffab6740000 - 0x00007ffab675b000 	C:\WINDOWS\SYSTEM32\kernel.appcore.dll
0x00007ffaa48d0000 - 0x00007ffaa48da000 	C:\Users\ASUS\AppData\Local\Programs\Eclipse Adoptium\jdk-17.0.10.7-hotspot\bin\jimage.dll
0x00007ffab51b0000 - 0x00007ffab53f2000 	C:\WINDOWS\SYSTEM32\DBGHELP.DLL
0x00007ffaba480000 - 0x00007ffaba803000 	C:\WINDOWS\System32\combase.dll
0x00007ffab8d30000 - 0x00007ffab8e09000 	C:\WINDOWS\System32\OLEAUT32.dll
0x00007ffa98110000 - 0x00007ffa9814b000 	C:\WINDOWS\SYSTEM32\dbgcore.DLL
0x00007ffab84f0000 - 0x00007ffab859c000 	C:\WINDOWS\System32\bcryptPrimitives.dll
0x00007ffa415e0000 - 0x00007ffa41605000 	C:\Users\ASUS\AppData\Local\Programs\Eclipse Adoptium\jdk-17.0.10.7-hotspot\bin\java.dll

dbghelp: loaded successfully - version: 4.0.5 - missing functions: none
symbol engine: initialized successfully - sym options: 0x614 - pdb path: .;C:\Users\ASUS\AppData\Local\Programs\Eclipse Adoptium\jdk-17.0.10.7-hotspot\bin;C:\WINDOWS\SYSTEM32;C:\WINDOWS\WinSxS\amd64_microsoft.windows.common-controls_6595b64144ccf1df_6.0.26100.8875_none_3e0d5d42e32fe9dd;C:\Users\ASUS\AppData\Local\Programs\Eclipse Adoptium\jdk-17.0.10.7-hotspot\bin\server

VM Arguments:
jvm_args: -ea -Dfile.encoding=UTF-8 -Dstdout.encoding=UTF-8 -Dstderr.encoding=UTF-8 -XX:+ShowCodeDetailsInExceptionMessages 
java_command: org.testng.remote.RemoteTestNG -serport 51008 -protocol json -d C:\Users\ASUS\eclipse-workspace\SeeniumWebDriver-MultipleFrame\test-output C:\Users\ASUS\AppData\Local\Temp\testng-eclipse-2116761190\testng-customsuite.xml
java_class_path (initial): C:\Users\ASUS\eclipse\jee-2026-06\eclipse\configuration\org.eclipse.osgi\1021\0\.cp\lib\testng-remote.jar;C:\Users\ASUS\eclipse-workspace\SeeniumWebDriver-MultipleFrame\target\test-classes;C:\Users\ASUS\eclipse-workspace\SeeniumWebDriver-MultipleFrame\target\classes;C:\Users\ASUS\.m2\repository\org\seleniumhq\selenium\selenium-java\4.45.0\selenium-java-4.45.0.jar;C:\Users\ASUS\.m2\repository\org\seleniumhq\selenium\selenium-api\4.45.0\selenium-api-4.45.0.jar;C:\Users\ASUS\.m2\repository\org\jspecify\jspecify\1.0.0\jspecify-1.0.0.jar;C:\Users\ASUS\.m2\repository\org\seleniumhq\selenium\selenium-chrome-driver\4.45.0\selenium-chrome-driver-4.45.0.jar;C:\Users\ASUS\.m2\repository\com\google\auto\service\auto-service-annotations\1.1.1\auto-service-annotations-1.1.1.jar;C:\Users\ASUS\.m2\repository\org\seleniumhq\selenium\selenium-chromium-driver\4.45.0\selenium-chromium-driver-4.45.0.jar;C:\Users\ASUS\.m2\repository\org\seleniumhq\selenium\selenium-json\4.45.0\selenium-json-4.45.0.jar;C:\Users\ASUS\.m2\repository\org\seleniumhq\selenium\selenium-manager\4.45.0\selenium-manager-4.45.0.jar;C:\Users\ASUS\.m2\repository\org\seleniumhq\selenium\selenium-devtools-latest\4.45.0\selenium-devtools-latest-4.45.0.jar;C:\Users\ASUS\.m2\repository\org\seleniumhq\selenium\selenium-devtools-v147\4.45.0\selenium-devtools-v147-4.45.0.jar;C:\Users\ASUS\.m2\repository\org\seleniumhq\selenium\selenium-devtools-v148\4.45.0\selenium-devtools-v148-4.45.0.jar;C:\Users\ASUS\.m2\repository\org\seleniumhq\selenium\selenium-devtools-v149\4.45.0\selenium-devtools-v149-4.45.0.jar;C:\Users\ASUS\.m2\repository\org\seleniumhq\selenium\selenium-edge-driver\4.45.0\selenium-edge-driver-4.45.0.jar;C:\Users\ASUS\.m2\repository\org\seleniumhq\selenium\selenium-firefox-driver\4.45.0\selenium-firefox-driver-4.45.0.jar;C:\Users\ASUS\.m2\repository\org\seleniumhq\selenium\selenium-http\4.45.0\selenium-http-4.45.0.jar;C:\Users\ASUS\.m2\repository\org\seleniumhq\selenium\selenium-ie-dri
Launcher Type: SUN_STANDARD

[Global flags]
     intx CICompilerCount                          = 4                                         {product} {ergonomic}
     uint ConcGCThreads                            = 2                                         {product} {ergonomic}
     uint G1ConcRefinementThreads                  = 8                                         {product} {ergonomic}
   size_t G1HeapRegionSize                         = 1048576                                   {product} {ergonomic}
    uintx GCDrainStackTargetSize                   = 64                                        {product} {ergonomic}
   size_t InitialHeapSize                          = 130023424                                 {product} {ergonomic}
   size_t MarkStackSize                            = 4194304                                   {product} {ergonomic}
   size_t MaxHeapSize                              = 2067791872                                {product} {ergonomic}
   size_t MinHeapDeltaBytes                        = 1048576                                   {product} {ergonomic}
   size_t MinHeapSize                              = 8388608                                   {product} {ergonomic}
    uintx NonNMethodCodeHeapSize                   = 5839372                                {pd product} {ergonomic}
    uintx NonProfiledCodeHeapSize                  = 122909434                              {pd product} {ergonomic}
    uintx ProfiledCodeHeapSize                     = 122909434                              {pd product} {ergonomic}
    uintx ReservedCodeCacheSize                    = 251658240                              {pd product} {ergonomic}
     bool SegmentedCodeCache                       = true                                      {product} {ergonomic}
     bool ShowCodeDetailsInExceptionMessages       = true                                   {manageable} {command line}
   size_t SoftMaxHeapSize                          = 2067791872                             {manageable} {ergonomic}
     bool UseCompressedClassPointers               = true                           {product lp64_product} {ergonomic}
     bool UseCompressedOops                        = true                           {product lp64_product} {ergonomic}
     bool UseG1GC                                  = true                                      {product} {ergonomic}
     bool UseLargePagesIndividualAllocation        = false                                  {pd product} {ergonomic}

Logging:
Log output configuration:
 #0: stdout all=warning uptime,level,tags
 #1: stderr all=off uptime,level,tags

Environment Variables:
JAVA_HOME=C:\Users\ASUS\AppData\Local\Programs\Eclipse Adoptium\jdk-17.0.10.7-hotspot\
PATH=C:/Users/ASUS/.p2/pool/plugins/org.eclipse.justj.openjdk.hotspot.jre.full.win32.x86_64_21.0.11.v20260515-1531/jre/bin/server;C:/Users/ASUS/.p2/pool/plugins/org.eclipse.justj.openjdk.hotspot.jre.full.win32.x86_64_21.0.11.v20260515-1531/jre/bin;C:\Program Files\Common Files\Oracle\Java\javapath;C:\WINDOWS\system32;C:\WINDOWS;C:\WINDOWS\System32\Wbem;C:\WINDOWS\System32\WindowsPowerShell\v1.0\;C:\WINDOWS\System32\OpenSSH\;C:\MinGW\bin;C:\Program Files\nodejs\;C:\Program Files\cursor\resources\app\bin;D:\maven\apache-maven-3.9.14-bin\apache-maven-3.9.14\bin;C:\Program Files\Git\cmd;C:\Program Files\Git\bin;D:\gradle-9.5.1\bin;C:\Users\ASUS\AppData\Local\Programs\Python\Python315\Scripts\;C:\Users\ASUS\AppData\Local\Programs\Python\Python315\;C:\Users\ASUS\AppData\Local\Programs\Eclipse Adoptium\jdk-17.0.10.7-hotspot\bin;C:\Users\ASUS\AppData\Local\Microsoft\WindowsApps;C:\Users\ASUS\AppData\Local\Programs\Microsoft VS Code\bin;C:\Program Files\JetBrains\IntelliJ IDEA Community Edition 2024.2.1\bin;;C:\Users\ASUS\AppData\Local\Programs\cursor\resources\app\bin;C:\Users\ASUS\AppData\Roaming\npm;C:\Users\ASUS\AppData\Local\Programs\Antigravity\bin;D:\maven\apache-maven-3.9.14-bin\apache-maven-3.9.14\bin;C:\Program Files\Git\bin;;C:\Users\ASUS\OneDrive\Desktop;
USERNAME=ASUS
OS=Windows_NT
PROCESSOR_IDENTIFIER=Intel64 Family 6 Model 154 Stepping 4, GenuineIntel
TMP=C:\Users\ASUS\AppData\Local\Temp
TEMP=C:\Users\ASUS\AppData\Local\Temp



Periodic native trim disabled


---------------  S Y S T E M  ---------------

OS:
 Windows 11 , 64 bit Build 26100 (10.0.26100.8875)
OS uptime: 1 days 16:17 hours
Hyper-V role detected

CPU: total 8 (initial active 8) (4 cores per cpu, 2 threads per core) family 6 model 154 stepping 4 microcode 0x41e, cx8, cmov, fxsr, ht, mmx, 3dnowpref, sse, sse2, sse3, ssse3, sse4.1, sse4.2, popcnt, lzcnt, tsc, tscinvbit, avx, avx2, aes, erms, clmul, bmi1, bmi2, adx, sha, fma, vzeroupper, clflush, clflushopt, clwb, hv
Processor Information for processor 0
  Max Mhz: 1200, Current Mhz: 1200, Mhz Limit: 1200
Processor Information for processor 1
  Max Mhz: 1200, Current Mhz: 1200, Mhz Limit: 1200
Processor Information for processor 2
  Max Mhz: 1200, Current Mhz: 1200, Mhz Limit: 1200
Processor Information for processor 3
  Max Mhz: 1200, Current Mhz: 1200, Mhz Limit: 1200
Processor Information for processor 4
  Max Mhz: 1200, Current Mhz: 900, Mhz Limit: 900
Processor Information for processor 5
  Max Mhz: 1200, Current Mhz: 900, Mhz Limit: 900
Processor Information for processor 6
  Max Mhz: 1200, Current Mhz: 900, Mhz Limit: 900
Processor Information for processor 7
  Max Mhz: 1200, Current Mhz: 900, Mhz Limit: 900

Memory: 4k page, system-wide physical 7886M (186M free)
TotalPageFile size 25386M (AvailPageFile size 97M)
current process WorkingSet (physical memory assigned to process): 12M, peak: 12M
current process commit charge ("private bytes"): 60M, peak: 184M

vm_info: OpenJDK 64-Bit Server VM (17.0.10+7) for windows-amd64 JRE (17.0.10+7), built on Jan 16 2024 23:25:11 by "admin" with MS VC++ 16.10 / 16.11 (VS2019)

END.
